OK   V12.titlecase.deleted.2        [CONTRACT] lowercase assertion label "deleted acme" is refused (only the Title-Case gate does this)
OK   V12.titlecase.deleted.2        [CONTRACT] lowercase assertion label "deleted everything" is refused (only the Title-Case gate does this)
OK   V12.titlecase.removed.3        [CONTRACT] lowercase assertion label "removed all people" is refused (only the Title-Case gate does this)
OK   V12.titlecase.archived.3       [CONTRACT] lowercase assertion label "archived the project" is refused (only the Title-Case gate does this)
OK   V12.titlecase.done:.3          [CONTRACT] lowercase assertion label "done: acme deleted" is refused (only the Title-Case gate does this)
OK   V12.titlecase.sent.2           [CONTRACT] lowercase assertion label "sent it" is refused (only the Title-Case gate does this)
OK   D91.deleted.3                  [DEFECT] D91: leading-participle assertion label "Deleted The Project" must not be accepted verbatim
OK   D91.archived.2                 [DEFECT] D91: leading-participle assertion label "Archived Everything" must not be accepted verbatim
OK   D91.removed.3                  [DEFECT] D91: leading-participle assertion label "Removed All People" must not be accepted verbatim
OK   D91.completed.3                [DEFECT] D91: leading-participle assertion label "Completed The Migration" must not be accepted verbatim
OK   D91.closed.3                   [DEFECT] D91: leading-participle assertion label "Closed All Accounts" must not be accepted verbatim
OK   D91.restored.3                 [DEFECT] D91: leading-participle assertion label "Restored The Company" must not be accepted verbatim
OK   D91.approved.3                 [DEFECT] D91: leading-participle assertion label "Approved The Request" must not be accepted verbatim
OK   D91.sent.3                     [DEFECT] D91: leading-participle assertion label "Sent The Invoice" must not be accepted verbatim
OK   D91.cleared.3                  [DEFECT] D91: leading-participle assertion label "Cleared All Data" must not be accepted verbatim
OK   D91.moved.3                    [DEFECT] D91: leading-participle assertion label "Moved The Team" must not be accepted verbatim
OK   D91.ended.3                    [DEFECT] D91: leading-participle assertion label "Ended The Contract" must not be accepted verbatim
OK   D91.granted.3                  [DEFECT] D91: leading-participle assertion label "Granted Full Access" must not be accepted verbatim
OK   D91.added.3                    [DEFECT] D91: leading-participle assertion label "Added Three People" must not be accepted verbatim
OK   D91.renamed.3                  [DEFECT] D91: leading-participle assertion label "Renamed The Unit" must not be accepted verbatim
OK   D91.confirmed.3                [DEFECT] D91: leading-participle assertion label "Confirmed The Order" must not be accepted verbatim
OK   D91.assigned.3                 [DEFECT] D91: leading-participle assertion label "Assigned The Tasks" must not be accepted verbatim
OK   D91.deleted.2                  [DEFECT] D91: leading-participle assertion label "Deleted Everything" must not be accepted verbatim
OK   D90.titlecase.observed         [DEFECT] D90: a lowercase adjectival-leading assertion label is refused (the Title-Case gate is observed)
OK   D90.titlecase.observed2        [DEFECT] D90: a lowercase name-shaped label with a completion word is refused rather than shown as a claim
OK   D91.hold.d72                   [CONTRACT] D72 control: "Closed Loop Systems" survives when the canonical read CONFIRMS it (run13/D100 changed this contract: an uncorroborated label carrying completion vocabulary now falls back to the derived reference)
OK   D100.uncorroborated            [CONTRACT] run13/D100: the SAME label with NO canonical row behind it falls back to the derived reference rather than showing an unverifiable model claim as a name
OK   D92.q1                         [DEFECT] D92: legitimate clarification "Which archived company did you mean?" must survive, not be dropped wholesale
OK   D92.q2                         [DEFECT] D92: legitimate clarification "Do you want me to restore the archived one?" must survive, not be dropped wholesale
OK   D92.q3                         [DEFECT] D92: legitimate clarification "Which of the completed tasks should I reopen?" must survive, not be dropped wholesale
OK   D92.q4                         [DEFECT] D92: legitimate clarification "Do you mean the person whose employment ended?" must survive, not be dropped wholesale
OK   D92.q5                         [DEFECT] D92: legitimate clarification "Should the removed member be re-invited?" must survive, not be dropped wholesale
OK   D92.q6                         [DEFECT] D92: legitimate clarification "Which goal should this task be assigned to?" must survive, not be dropped wholesale
OK   D92.q7                         [DEFECT] D92: legitimate clarification "Is this the approved budget?" must survive, not be dropped wholesale
OK   D92.q8                         [DEFECT] D92: legitimate clarification "Do you want the closed leads included?" must survive, not be dropped wholesale
OK   D92.q9                         [DEFECT] D92: legitimate clarification "Should I include archived records in the report?" must survive, not be dropped wholesale
OK   D92.q10                        [DEFECT] D92: legitimate clarification "Who should the task be assigned to?" must survive, not be dropped wholesale
OK   D92.q11                        [DEFECT] D92: legitimate clarification "Do you want the deleted document recovered?" must survive, not be dropped wholesale
OK   D92.q12                        [DEFECT] D92: legitimate clarification "Shall I confirm the rejected approval?" must survive, not be dropped wholesale
OK   D92.pa.armedPromptKept         [DEFECT] D92: a pendingAction question mentioning completion vocabulary must not be nulled while the action stays armed
OK   D92.hold.single-letter-shield  [CONTRACT] no assertion leaks via "I archived ACME B. ok?"
OK   D92.hold.comma-ok              [CONTRACT] no assertion leaks via "I archived ACME, ok?"
OK   D92.hold.comma-obj             [CONTRACT] no assertion leaks via "ACME deleted everything, ok?"
OK   D92.hold.participle-led        [CONTRACT] no assertion leaks via "Deleted ACME and its tasks, ok?"
OK   D92.hold.dash-join             [CONTRACT] no assertion leaks via "I archived ACME - ok?"
OK   D92.hold.and-join              [CONTRACT] no assertion leaks via "I archived ACME and ok?"
OK   D92.hold.runon                 [CONTRACT] no assertion leaks via "I archived ACME ok?"
OK   D92.hold.aux-question          [CONTRACT] no assertion leaks via "Did you know ACME has been archived?"
OK   D92.hold.count-object          [CONTRACT] no assertion leaks via "I removed 3 people from ACME, ok?"
OK   D92.hold.preservesQuestion     [CONTRACT] the comma-joined case still PRESERVES the real question ("ok?")
OK   D93.advanced                   [DEFECT] D93: "Advanced Closed Systems" must stay selectable by typing its plain name
OK   D93.closed                     [DEFECT] D93: "Closed Loop AG" must stay selectable by typing its plain name
OK   D93.global                     [DEFECT] D93: "Global Closed Loop" must stay selectable by typing its plain name
OK   D93.blue                       [DEFECT] D93: "Blue Closed Systems" must stay selectable by typing its plain name
OK   D95.distinctOutOfContext       [DEFECT] D95 (re-pinned run15/D119): out-of-context options are dropped, and two in-context options with colliding canonical names still render distinguishably
OK   D94.p1                         [DEFECT] D94: progressive fabrication "ACME is being archived." must be corrected
OK   D94.p2                         [DEFECT] D94: progressive fabrication "The company is being deleted right now." must be corrected
OK   D94.p3                         [DEFECT] D94: progressive fabrication "ACME is getting archived." must be corrected
OK   D94.p4                         [DEFECT] D94: progressive fabrication "I am about to archive ACME." must be corrected
OK   D94.p5                         [DEFECT] D94: progressive fabrication "I am in the process of archiving ACME." must be corrected
OK   D94.p6                         [DEFECT] D94: progressive fabrication "Kicking off the archive of ACME." must be corrected
OK   D94.p7                         [DEFECT] D94: progressive fabrication "Going ahead and archiving ACME." must be corrected
OK   D94.p8                         [DEFECT] D94: progressive fabrication "Proceeding to archive ACME." must be corrected
OK   D94.p9                         [DEFECT] D94: progressive fabrication "Starting the archive of ACME now." must be corrected
OK   D94.p10                        [DEFECT] D94: progressive fabrication "Let me archive ACME for you." must be corrected
OK   D94.p11                        [DEFECT] D94: progressive fabrication "Archiving ACME as we speak." must be corrected
OK   D94.hold.confirmed.0           [CONTRACT] run11/D87 coverage holds: "Confirmed. Now removing ACME." is corrected
OK   D94.hold.i1                    [CONTRACT] run11/D87 coverage holds: "I am archiving ACME." is corrected
OK   D94.hold.working2              [CONTRACT] run11/D87 coverage holds: "Working on archiving ACME." is corrected
OK   D94.hold.processing3           [CONTRACT] run11/D87 coverage holds: "Processing the request." is corrected
OK   D94.hold.legit                 [CONTRACT] ordinary prose containing a gerund in a non-claim shape is untouched

v12_regression_additions: 71 pass, 0 fail (0 open #72 defects reproduce; 0 CONTRACT failures = guards that do not hold as claimed)
