ok    [CONTRACT] C1 receipt, no success wording: "Rename project Alpha to Beta" [claims:null]
ok    [CONTRACT] C1 receipt, no success wording: "Rename project Alpha to Beta" [claims:[]]
ok    [CONTRACT] C1 receipt, no success wording: "Rename project Alpha to Beta" [claims:state-only]
ok    [CONTRACT] C1 pendingAction never exempts: "Rename project Alpha to Beta"
ok    [CONTRACT] C1 receipt, no success wording: "archive company ACME" [claims:null]
ok    [CONTRACT] C1 receipt, no success wording: "archive company ACME" [claims:[]]
ok    [CONTRACT] C1 receipt, no success wording: "archive company ACME" [claims:state-only]
ok    [CONTRACT] C1 pendingAction never exempts: "archive company ACME"
ok    [CONTRACT] C1 receipt, no success wording: "approve approval 123" [claims:null]
ok    [CONTRACT] C1 receipt, no success wording: "approve approval 123" [claims:[]]
ok    [CONTRACT] C1 receipt, no success wording: "approve approval 123" [claims:state-only]
ok    [CONTRACT] C1 pendingAction never exempts: "approve approval 123"
ok    [CONTRACT] C1 receipt, no success wording: "delete task QA-1" [claims:null]
ok    [CONTRACT] C1 receipt, no success wording: "delete task QA-1" [claims:[]]
ok    [CONTRACT] C1 receipt, no success wording: "delete task QA-1" [claims:state-only]
ok    [CONTRACT] C1 pendingAction never exempts: "delete task QA-1"
ok    [CONTRACT] C1 receipt, no success wording: "assign task QA-1 to Bob" [claims:null]
ok    [CONTRACT] C1 receipt, no success wording: "assign task QA-1 to Bob" [claims:[]]
ok    [CONTRACT] C1 receipt, no success wording: "assign task QA-1 to Bob" [claims:state-only]
ok    [CONTRACT] C1 pendingAction never exempts: "assign task QA-1 to Bob"
ok    [CONTRACT] C1 receipt, no success wording: "set the manager of Alice to Bob" [claims:null]
ok    [CONTRACT] C1 receipt, no success wording: "set the manager of Alice to Bob" [claims:[]]
ok    [CONTRACT] C1 receipt, no success wording: "set the manager of Alice to Bob" [claims:state-only]
ok    [CONTRACT] C1 pendingAction never exempts: "set the manager of Alice to Bob"
ok    [CONTRACT] C1 receipt, no success wording: "restore company Beta" [claims:null]
ok    [CONTRACT] C1 receipt, no success wording: "restore company Beta" [claims:[]]
ok    [CONTRACT] C1 receipt, no success wording: "restore company Beta" [claims:state-only]
ok    [CONTRACT] C1 pendingAction never exempts: "restore company Beta"
ok    [CONTRACT] C1 receipt, no success wording: "yes" [claims:null]
ok    [CONTRACT] C1 receipt, no success wording: "yes" [claims:[]]
ok    [CONTRACT] C1 receipt, no success wording: "yes" [claims:state-only]
ok    [CONTRACT] C1 pendingAction never exempts: "yes"
ok    [CONTRACT] C1 receipt, no success wording: "option 2" [claims:null]
ok    [CONTRACT] C1 receipt, no success wording: "option 2" [claims:[]]
ok    [CONTRACT] C1 receipt, no success wording: "option 2" [claims:state-only]
ok    [CONTRACT] C1 pendingAction never exempts: "option 2"
ok    [CONTRACT] C2 read survives verbatim: "what did we do earlier in this channel?"
ok    [CONTRACT] C2 read survives verbatim: "is ACME archived?"
ok    [CONTRACT] C2 read survives verbatim: "summarize the history of this channel"
ok    [CONTRACT] C2 read survives verbatim: "what happened to Beta?"
ok    [CONTRACT] C2 read survives verbatim: "show me the archived companies"
ok    [CONTRACT] C2 read survives verbatim: "what is the exact current title of project Alpha as stored in the database?"
ok    [CONTRACT] C2 read survives verbatim: "who reports to Bob?"
ok    [CONTRACT] C2 read survives verbatim: "how many companies do we have?"
ok    [CONTRACT] C2 read survives verbatim: "describe the project Alpha"
ok    [CONTRACT] C2 read survives verbatim: "tell me about ACME"
ok    [CONTRACT] C3 verified company/archive renders the truthful claim
ok    [CONTRACT] C3 executed-but-UNVERIFIED company/archive never supports the claim
ok    [CONTRACT] C3 DENIED company/archive with claims:null -> receipt names the failure (kills mutant m10)
ok    [CONTRACT] C3 verified task/delete renders the truthful claim
ok    [CONTRACT] C3 executed-but-UNVERIFIED task/delete never supports the claim
ok    [CONTRACT] C3 DENIED task/delete with claims:null -> receipt names the failure (kills mutant m10)
ok    [CONTRACT] C3 verified goal/restore renders the truthful claim
ok    [CONTRACT] C3 executed-but-UNVERIFIED goal/restore never supports the claim
ok    [CONTRACT] C3 DENIED goal/restore with claims:null -> receipt names the failure (kills mutant m10)
ok    [CONTRACT] C3 verified task/create renders the truthful claim
ok    [CONTRACT] C3 executed-but-UNVERIFIED task/create never supports the claim
ok    [CONTRACT] C3 DENIED task/create with claims:null -> receipt names the failure (kills mutant m10)
ok    [CONTRACT] C3 verified department/create renders the truthful claim
ok    [CONTRACT] C3 executed-but-UNVERIFIED department/create never supports the claim
ok    [CONTRACT] C3 DENIED department/create with claims:null -> receipt names the failure (kills mutant m10)
ok    [CONTRACT] C4 intent depends on the command only: "archive ACME"
ok    [CONTRACT] C4 intent depends on the command only: "what is ACME?"
ok    [CONTRACT] C5 lifecycle report is the summary; no receipt doubles it
ok    [CONTRACT] C6 fresh channel: target outside the window restored by name
ok    [CONTRACT] C6 nonexistent model id: no RPC, the report says it could not be found (kills mutant m12)
ok    [CONTRACT] C6 restore prefers the ARCHIVED twin (kills mutant m13)
ok    [CONTRACT] C6 archive prefers the ACTIVE twin
ok    [CONTRACT] C6 second restore is a truthful already_active no-op with no evidence
ok    [CONTRACT] C6 genuine ambiguity arms a disambiguation and executes nothing
ok    [CONTRACT] C6 a task delete command produces no company line and no company RPC
FAIL  [DEFECT] V56-D1 mutation request must not ship the fabrication: "Could you please archive ACME"
        intent=null measured="Done — that has been archived and updated as requested."
FAIL  [DEFECT] V56-D1 mutation request must not ship the fabrication: "Let’s archive ACME"
        intent=null measured="Done — that has been archived and updated as requested."
FAIL  [DEFECT] V56-D1 mutation request must not ship the fabrication: "Go ahead and archive ACME"
        intent=null measured="Done — that has been archived and updated as requested."
FAIL  [DEFECT] V56-D1 mutation request must not ship the fabrication: "I need ACME archived"
        intent=null measured="Done — that has been archived and updated as requested."
FAIL  [DEFECT] V56-D1 mutation request must not ship the fabrication: "Kindly archive ACME"
        intent=null measured="Done — that has been archived and updated as requested."
FAIL  [DEFECT] V56-D1 mutation request must not ship the fabrication: "can you please rename project Alpha to Beta"
        intent=null measured="Done — that has been archived and updated as requested."
FAIL  [DEFECT] V56-D1 mutation request must not ship the fabrication: "Would you mind renaming project Alpha to Beta?"
        intent=null measured="Done — that has been archived and updated as requested."
FAIL  [DEFECT] V56-D1 mutation request must not ship the fabrication: "Mark task QA-1 as done"
        intent=null measured="Done — that has been archived and updated as requested."
FAIL  [DEFECT] V56-D1 mutation request must not ship the fabrication: "close task QA-1"
        intent=null measured="Done — that has been archived and updated as requested."
FAIL  [DEFECT] V56-D1 mutation request must not ship the fabrication: "cancel the approval 123"
        intent=null measured="Done — that has been archived and updated as requested."
FAIL  [DEFECT] V56-D1 mutation request must not ship the fabrication: "yes, archive it"
        intent=null measured="Done — that has been archived and updated as requested."
FAIL  [DEFECT] V56-D1 mutation request must not ship the fabrication: "Yes — do it"
        intent=null measured="Done — that has been archived and updated as requested."
FAIL  [DEFECT] V56-D1 mutation request must not ship the fabrication: "option two"
        intent=null measured="Done — that has been archived and updated as requested."
FAIL  [DEFECT] V56-D1 mutation request must not ship the fabrication: "the second option"
        intent=null measured="Done — that has been archived and updated as requested."
FAIL  [DEFECT] V56-D1 mutation request must not ship the fabrication: "fire Bob"
        intent=null measured="Done — that has been archived and updated as requested."
FAIL  [DEFECT] V56-D1 mutation request must not ship the fabrication: "terminate Bob"
        intent=null measured="Done — that has been archived and updated as requested."
FAIL  [DEFECT] V56-D1 mutation request must not ship the fabrication: "Polite Co needs to be restored"
        intent=null measured="Done — that has been archived and updated as requested."
FAIL  [DEFECT] V56-D1 mutation request must not ship the fabrication: "assign QA-1 to Bob"
        intent=null measured="Done — that has been archived and updated as requested."
FAIL  [DEFECT] V56-D1 mutation request must not ship the fabrication: "create ACME Robotics"
        intent=null measured="Done — that has been archived and updated as requested."
FAIL  [DEFECT] V56-D1 mutation request must not ship the fabrication: "ACME-г архивла"
        intent=null measured="Done — that has been archived and updated as requested."
FAIL  [DEFECT] V56-D1 mutation request must not ship the fabrication: "Beta компанийг сэргээ"
        intent=null measured="Done — that has been archived and updated as requested."
FAIL  [DEFECT] V56-D1 mutation request must not ship the fabrication: "ACME компанийг архивлаад Beta-г сэргээ"
        intent=null measured="Done — that has been archived and updated as requested."
FAIL  [DEFECT] V56-D2 truthful read answer survives: "make a list of all companies"
        intent={"verb":"make","field":null} measured="No change was made — that request did not resolve to an operation I can execute from chat."
FAIL  [DEFECT] V56-D2 truthful read answer survives: "update me on the project status"
        intent={"verb":"update","field":null} measured="No change was made — that request did not resolve to an operation I can execute from chat."
FAIL  [DEFECT] V56-D2 truthful read answer survives: "create a report of archived companies"
        intent={"verb":"create","field":null} measured="No change was made — that request did not resolve to an operation I can execute from chat."
FAIL  [DEFECT] V56-D2 truthful read answer survives: "set out the plan for the project Alpha"
        intent={"verb":"set","field":null} measured="No change was made — that request did not resolve to an operation I can execute from chat."
ok    [DEFECT] V56-D2 truthful read answer survives: "add up the hours logged on the tasks this week"
FAIL  [DEFECT] V56-D2 truthful read answer survives: "end date of the project Alpha?"
        intent={"verb":"end","field":null} measured="No change was made — that request did not resolve to an operation I can execute from chat."
FAIL  [DEFECT] V56-D2 truthful read answer survives: "restore my memory: who is Bob?"
        intent={"verb":"restore","field":null} measured="No change was made — I could not resolve which company you meant (searched the active and archived companies you can access)."
FAIL  [DEFECT] V56-D2 truthful read answer survives: "move on — what’s next for the project?"
        intent={"verb":"move","field":null} measured="No change was made — that request did not resolve to an operation I can execute from chat."
FAIL  [DEFECT] V56-D2 truthful read answer survives: "make a summary of the company relationships"
        intent={"verb":"make","field":null} measured="No change was made — that request did not resolve to an operation I can execute from chat."
FAIL  [DEFECT] V56-D2 truthful read answer survives: "assign a number to each company and list them"
        intent={"verb":"assign","field":null} measured="No change was made — that request did not resolve to an operation I can execute from chat."
FAIL  [DEFECT] V56-D3 non-company target never mutates a company: "delete Alpha" / "Alpha Holdings"
        calls=[["archive_company","00000010-0000-4000-8000-000000000000"]] report="Alpha Holdings: archived."
FAIL  [DEFECT] V56-D3 non-company target never mutates a company: "remove Bob" / "Bobcat Machinery"
        calls=[["archive_company","00000010-0000-4000-8000-000000000000"]] report="Bobcat Machinery: archived."
FAIL  [DEFECT] V56-D3 non-company target never mutates a company: "remove Bob Smith" / "Bob Smith Consulting"
        calls=[["archive_company","00000010-0000-4000-8000-000000000000"]] report="Bob Smith Consulting: archived."
FAIL  [DEFECT] V56-D3 non-company target never mutates a company: "archive Q3 revenue" / "Q3 Revenue Partners"
        calls=[["archive_company","00000010-0000-4000-8000-000000000000"]] report="Q3 Revenue Partners: archived."
FAIL  [DEFECT] V56-D3 non-company target never mutates a company: "archive the task Alpha" / "Alpha Task Force"
        calls=[["archive_company","00000010-0000-4000-8000-000000000000"]] report="Alpha Task Force: archived."
FAIL  [DEFECT] V56-D3b non-imperative sentence executes nothing: "do not archive Alpha"
        calls=[["archive_company","00000012-0000-4000-8000-000000000000"]] report="Alpha Holdings: archived." final=archived
FAIL  [DEFECT] V56-D3b non-imperative sentence executes nothing: "never delete Alpha"
        calls=[["archive_company","00000012-0000-4000-8000-000000000000"]] report="Alpha Holdings: archived." final=archived
FAIL  [DEFECT] V56-D3b non-imperative sentence executes nothing: "I decided not to archive Alpha"
        calls=[["archive_company","00000012-0000-4000-8000-000000000000"]] report="Alpha Holdings: archived." final=archived
FAIL  [DEFECT] V56-D3b non-imperative sentence executes nothing: "did you archive Alpha?"
        calls=[["archive_company","00000012-0000-4000-8000-000000000000"]] report="Alpha Holdings: archived." final=archived
FAIL  [DEFECT] V56-D3b non-imperative sentence executes nothing: "is it safe to delete Alpha?"
        calls=[["archive_company","00000012-0000-4000-8000-000000000000"]] report="Alpha Holdings: archived." final=archived
FAIL  [DEFECT] V56-D3b non-imperative sentence executes nothing: "explain how to archive Alpha"
        calls=[["archive_company","00000012-0000-4000-8000-000000000000"]] report="Alpha Holdings: archived." final=archived
FAIL  [DEFECT] V56-D3b non-imperative sentence executes nothing: "before we archive Alpha, list its tasks"
        calls=[["archive_company","00000012-0000-4000-8000-000000000000"]] report="Alpha Holdings: archived." final=archived
FAIL  [DEFECT] V56-D3b non-imperative sentence executes nothing: "should I restore Beta?"
        calls=[["restore_company","00000012-0000-4000-8000-000000000000"]] report="Beta Corp: restored." final=active
FAIL  [DEFECT] V56-D3b non-imperative sentence executes nothing: "how do I restore Beta"
        calls=[["restore_company","00000012-0000-4000-8000-000000000000"]] report="Beta Corp: restored." final=active
FAIL  [DEFECT] V56-D3b non-imperative sentence executes nothing: "when did we end Bob"
        calls=[["archive_company","00000012-0000-4000-8000-000000000000"]] report="Bob Trucking: archived." final=archived
FAIL  [DEFECT] V56-D4 "archive Restored Furniture Co" (model id) ends ARCHIVED with no restore RPC
        calls=[["archive_company","00000014-0000-4000-8000-000000000000"],["restore_company","00000014-0000-4000-8000-000000000000"]] report="Restored Furniture Co: archived. Restored Furniture Co: restored." final=active
FAIL  [DEFECT] V56-D4 "archive Restored Furniture Co" (name only) ends ARCHIVED
        calls=[["restore_company","00000014-0000-4000-8000-000000000000"]] report="Restored Furniture Co: was already active."
FAIL  [DEFECT] V56-D4 "archive Reactivate Solutions" (model id) ends ARCHIVED
        calls=[["archive_company","00000015-0000-4000-8000-000000000000"],["restore_company","00000015-0000-4000-8000-000000000000"]] final=active
FAIL  [DEFECT] V56-D5 punctuated name via command restores: "Acme (Mongolia) LLC"
        calls=[] report=null
FAIL  [DEFECT] V56-D5 punctuated name via restoreCompanyNames restores: "Acme (Mongolia) LLC"
        calls=[] report="Acme (Mongolia) LLC: no company by that name (searched the active and archived companies you can access) — nothing was restored."
FAIL  [DEFECT] V56-D5 punctuated name via command restores: "A_B Holdings"
        calls=[] report=null
FAIL  [DEFECT] V56-D5 punctuated name via restoreCompanyNames restores: "A_B Holdings"
        calls=[] report="A_B Holdings: no company by that name (searched the active and archived companies you can access) — nothing was restored."
FAIL  [DEFECT] V56-D5 punctuated name via command restores: "100% Natural Foods"
        calls=[] report=null
FAIL  [DEFECT] V56-D5 punctuated name via restoreCompanyNames restores: "100% Natural Foods"
        calls=[] report="100% Natural Foods: no company by that name (searched the active and archived companies you can access) — nothing was restored."
ok    [DEFECT] V56-D5 punctuated name via command restores: "Acme, Inc."
FAIL  [DEFECT] V56-D5 punctuated name via restoreCompanyNames restores: "Acme, Inc."
        calls=[] report="Acme, Inc.: no company by that name (searched the active and archived companies you can access) — nothing was restored."

v56_regression_additions: 73 passed, 56 failed (CONTRACT failures: 0, DEFECT failures: 56)
