V64 extended sweep: 65 named regexes (130 mutants) + 39 structural = 169 mutants, across 69 suites

KILLED   REGEX ARCHIVE_VERB_PATTERN never matches                        v61_budget_intent_language_contract.mjs
KILLED   REGEX ARCHIVE_VERB_PATTERN always matches                       v61_budget_intent_language_contract.mjs
KILLED   REGEX RESTORE_VERB_PATTERN never matches                        v61_budget_intent_language_contract.mjs
KILLED   REGEX RESTORE_VERB_PATTERN always matches                       v61_budget_intent_language_contract.mjs
KILLED   REGEX stateDescriptionPattern never matches                     v61_budget_intent_language_contract.mjs
KILLED   REGEX stateDescriptionPattern always matches                    v61_budget_intent_language_contract.mjs
KILLED   REGEX FACTORY_INTENT_PATTERN never matches                      v61_budget_intent_language_contract.mjs
KILLED   REGEX FACTORY_INTENT_PATTERN always matches                     v61_budget_intent_language_contract.mjs
KILLED   REGEX PAST_COMPLETION_CLAIM_PATTERN never matches               v61_budget_intent_language_contract.mjs
KILLED   REGEX PAST_COMPLETION_CLAIM_PATTERN always matches              v61_budget_intent_language_contract.mjs
KILLED   REGEX COMPLETION_WORD never matches                             v63_intent_coverage_and_caps_contract.mjs
KILLED   REGEX COMPLETION_WORD always matches                            v63_intent_coverage_and_caps_contract.mjs
KILLED   REGEX isTypedFallbackOnly never matches                         v61_budget_intent_language_contract.mjs
KILLED   REGEX isTypedFallbackOnly always matches                        v61_budget_intent_language_contract.mjs
KILLED   REGEX LIFECYCLE_UUID_RE never matches                           v61_budget_intent_language_contract.mjs
KILLED   REGEX LIFECYCLE_UUID_RE always matches                          v61_budget_intent_language_contract.mjs
KILLED   REGEX COMPANY_UUID_RE never matches                             v61_budget_intent_language_contract.mjs
KILLED   REGEX COMPANY_UUID_RE always matches                            v61_budget_intent_language_contract.mjs
KILLED   REGEX commandMentionsCompany never matches                      v61_budget_intent_language_contract.mjs
KILLED   REGEX commandMentionsCompany always matches                     v61_budget_intent_language_contract.mjs
KILLED   REGEX commandIsQuestion never matches                           v61_budget_intent_language_contract.mjs
KILLED   REGEX commandIsQuestion always matches                          v61_budget_intent_language_contract.mjs
KILLED   REGEX commandNegatedLead never matches                          v61_budget_intent_language_contract.mjs
KILLED   REGEX commandNegatedLead always matches                         v61_budget_intent_language_contract.mjs
KILLED   REGEX commandReadLead never matches                             v61_budget_intent_language_contract.mjs
KILLED   REGEX commandReadLead always matches                            v61_budget_intent_language_contract.mjs
KILLED   REGEX commandConditionalLead never matches                      v61_budget_intent_language_contract.mjs
KILLED   REGEX commandConditionalLead always matches                     v61_budget_intent_language_contract.mjs
KILLED   REGEX FUTURE_PROMISE_PATTERN never matches                      v61_budget_intent_language_contract.mjs
KILLED   REGEX FUTURE_PROMISE_PATTERN always matches                     v61_budget_intent_language_contract.mjs
KILLED   REGEX UUID_IN_TEXT never matches                                v61_budget_intent_language_contract.mjs
KILLED   REGEX UUID_IN_TEXT always matches                               v59_intent_fallback_tier_contract.mjs
KILLED   REGEX KNOWN_ABBREVIATION never matches                          v61_budget_intent_language_contract.mjs
KILLED   REGEX KNOWN_ABBREVIATION always matches                         v61_budget_intent_language_contract.mjs
KILLED   REGEX decimal never matches                                     v61_budget_intent_language_contract.mjs
KILLED   REGEX decimal always matches                                    v61_budget_intent_language_contract.mjs
KILLED   REGEX abbreviation never matches                                v61_budget_intent_language_contract.mjs
KILLED   REGEX abbreviation always matches                               v61_budget_intent_language_contract.mjs
KILLED   REGEX INTERROGATIVE_LEAD never matches                          v61_budget_intent_language_contract.mjs
KILLED   REGEX INTERROGATIVE_LEAD always matches                         v61_budget_intent_language_contract.mjs
KILLED   REGEX FIRST_PERSON_MAIN_CLAUSE_COMPLETION never matches         v61_budget_intent_language_contract.mjs
KILLED   REGEX FIRST_PERSON_MAIN_CLAUSE_COMPLETION always matches        v61_budget_intent_language_contract.mjs
KILLED   REGEX NAME_CONNECTOR never matches                              v61_budget_intent_language_contract.mjs
KILLED   REGEX NAME_CONNECTOR always matches                             v61_budget_intent_language_contract.mjs
KILLED   REGEX ADJECTIVAL_COMPLETION never matches                       v61_budget_intent_language_contract.mjs
KILLED   REGEX ADJECTIVAL_COMPLETION always matches                      v61_budget_intent_language_contract.mjs
KILLED   REGEX DETERMINER_OR_PRONOUN never matches                       v61_budget_intent_language_contract.mjs
KILLED   REGEX DETERMINER_OR_PRONOUN always matches                      v61_budget_intent_language_contract.mjs
KILLED   REGEX IMPERATIVE_LEAD never matches                             v61_budget_intent_language_contract.mjs
KILLED   REGEX IMPERATIVE_LEAD always matches                            v61_budget_intent_language_contract.mjs
KILLED   REGEX MUTATION_VERB_ALWAYS never matches                        v62_provenance_language_and_limits_contract.mjs
KILLED   REGEX MUTATION_VERB_ALWAYS always matches                       v62_provenance_language_and_limits_contract.mjs
KILLED   REGEX MUTATION_NEEDS_PARTICIPLE never matches                   v61_budget_intent_language_contract.mjs
KILLED   REGEX MUTATION_NEEDS_PARTICIPLE always matches                  v62_provenance_language_and_limits_contract.mjs
KILLED   REGEX MUTATION_PASSIVE_REQUEST never matches                    v62_provenance_language_and_limits_contract.mjs
KILLED   REGEX MUTATION_PASSIVE_REQUEST always matches                   v62_provenance_language_and_limits_contract.mjs
KILLED   REGEX MUTATION_VERB_WITH_OBJECT never matches                   v61_budget_intent_language_contract.mjs
KILLED   REGEX MUTATION_VERB_WITH_OBJECT always matches                  v62_provenance_language_and_limits_contract.mjs
KILLED   REGEX MUTATION_VERB_PROPER_OBJECT never matches                 v62_provenance_language_and_limits_contract.mjs
KILLED   REGEX MUTATION_VERB_PROPER_OBJECT always matches                v62_provenance_language_and_limits_contract.mjs
KILLED   REGEX READ_SHAPE never matches                                  v63_intent_coverage_and_caps_contract.mjs
KILLED   REGEX READ_SHAPE always matches                                 v63_intent_coverage_and_caps_contract.mjs
KILLED   REGEX isQuestion never matches                                  v62_provenance_language_and_limits_contract.mjs
KILLED   REGEX isQuestion always matches                                 v63_intent_coverage_and_caps_contract.mjs
KILLED   REGEX LEADING_ADVERB never matches                              v63_intent_coverage_and_caps_contract.mjs
KILLED   REGEX LEADING_ADVERB always matches                             v63_intent_coverage_and_caps_contract.mjs
KILLED   REGEX COMPOSITION_REQUEST never matches                         v62_provenance_language_and_limits_contract.mjs
KILLED   REGEX COMPOSITION_REQUEST always matches                        v63_intent_coverage_and_caps_contract.mjs
KILLED   REGEX PHRASAL_READ never matches                                v62_provenance_language_and_limits_contract.mjs
KILLED   REGEX PHRASAL_READ always matches                               v63_intent_coverage_and_caps_contract.mjs
KILLED   REGEX IMPERATIVE_OBJECT never matches                           v63_intent_coverage_and_caps_contract.mjs
KILLED   REGEX IMPERATIVE_OBJECT always matches                          v61_budget_intent_language_contract.mjs
KILLED   REGEX STATEMENT_FINITE_VERB never matches                       v62_provenance_language_and_limits_contract.mjs
KILLED   REGEX STATEMENT_FINITE_VERB always matches                      v63_intent_coverage_and_caps_contract.mjs
KILLED   REGEX STRONG_OBJECT never matches                               v63_intent_coverage_and_caps_contract.mjs
KILLED   REGEX STRONG_OBJECT always matches                              v61_budget_intent_language_contract.mjs
KILLED   REGEX MN_READ_SHAPE never matches                               v62_provenance_language_and_limits_contract.mjs
KILLED   REGEX MN_READ_SHAPE always matches                              v63_intent_coverage_and_caps_contract.mjs
KILLED   REGEX MN_CASE_SUFFIX never matches                              v62_provenance_language_and_limits_contract.mjs
KILLED   REGEX MN_CASE_SUFFIX always matches                             v63_intent_coverage_and_caps_contract.mjs
KILLED   REGEX MN_NOT_A_COMMAND never matches                            v61_budget_intent_language_contract.mjs
KILLED   REGEX MN_NOT_A_COMMAND always matches                           v63_intent_coverage_and_caps_contract.mjs
KILLED   REGEX MN_STEMS_GLOBAL never matches                             v63_intent_coverage_and_caps_contract.mjs
KILLED   REGEX MN_STEMS_GLOBAL always matches                            v63_intent_coverage_and_caps_contract.mjs
KILLED   REGEX MN_LOAN_VERB never matches                                v61_budget_intent_language_contract.mjs
KILLED   REGEX MN_LOAN_VERB always matches                               v61_budget_intent_language_contract.mjs
KILLED   REGEX NEGATED_IMPERATIVE_HEAD never matches                     v61_budget_intent_language_contract.mjs
KILLED   REGEX NEGATED_IMPERATIVE_HEAD always matches                    v61_budget_intent_language_contract.mjs
KILLED   REGEX TEMPORAL_PROPER_OBJECT never matches                      v61_budget_intent_language_contract.mjs
KILLED   REGEX TEMPORAL_PROPER_OBJECT always matches                     v62_provenance_language_and_limits_contract.mjs
KILLED   REGEX CONFIRMED_COMPLETION never matches                        v61_budget_intent_language_contract.mjs
KILLED   REGEX CONFIRMED_COMPLETION always matches                       v61_budget_intent_language_contract.mjs
KILLED   REGEX NEGATED_CLAUSE never matches                              v61_budget_intent_language_contract.mjs
KILLED   REGEX NEGATED_CLAUSE always matches                             v62_provenance_language_and_limits_contract.mjs
KILLED   REGEX REFERENCELESS_CONFIRMATION never matches                  v59_intent_fallback_tier_contract.mjs
KILLED   REGEX REFERENCELESS_CONFIRMATION always matches                 v59_intent_fallback_tier_contract.mjs
KILLED   REGEX COMPLETION_VERB never matches                             v59_intent_fallback_tier_contract.mjs
KILLED   REGEX COMPLETION_VERB always matches                            v59_intent_fallback_tier_contract.mjs
KILLED   REGEX NEGATION_AUX never matches                                v59_intent_fallback_tier_contract.mjs
KILLED   REGEX NEGATION_AUX always matches                               v59_intent_fallback_tier_contract.mjs
KILLED   REGEX capLead never matches                                     v59_intent_fallback_tier_contract.mjs
KILLED   REGEX capLead always matches                                    v59_intent_fallback_tier_contract.mjs
KILLED   REGEX __re never matches                                        v59_intent_fallback_tier_contract.mjs
KILLED   REGEX __re always matches                                       v59_intent_fallback_tier_contract.mjs
KILLED   REGEX titleHeadAfterPrep never matches                          v59_intent_fallback_tier_contract.mjs
KILLED   REGEX titleHeadAfterPrep always matches                         v59_intent_fallback_tier_contract.mjs
KILLED   REGEX titleHead never matches                                   v59_intent_fallback_tier_contract.mjs
KILLED   REGEX titleHead always matches                                  v59_intent_fallback_tier_contract.mjs
KILLED   REGEX endsFiniteVerb never matches                              v59_intent_fallback_tier_contract.mjs
KILLED   REGEX endsFiniteVerb always matches                             v59_intent_fallback_tier_contract.mjs
KILLED   REGEX ppInternal never matches                                  v59_intent_fallback_tier_contract.mjs
KILLED   REGEX ppInternal always matches                                 v59_intent_fallback_tier_contract.mjs
KILLED   REGEX relInternal never matches                                 v59_intent_fallback_tier_contract.mjs
KILLED   REGEX relInternal always matches                                v59_intent_fallback_tier_contract.mjs
KILLED   REGEX quotedHead never matches                                  v59_intent_fallback_tier_contract.mjs
KILLED   REGEX quotedHead always matches                                 v59_intent_fallback_tier_contract.mjs
KILLED   REGEX adjective never matches                                   v59_intent_fallback_tier_contract.mjs
KILLED   REGEX adjective always matches                                  v59_intent_fallback_tier_contract.mjs
KILLED   REGEX fewQuant never matches                                    v59_intent_fallback_tier_contract.mjs
KILLED   REGEX fewQuant always matches                                   v59_intent_fallback_tier_contract.mjs
KILLED   REGEX detName never matches                                     v59_intent_fallback_tier_contract.mjs
KILLED   REGEX detName always matches                                    v59_intent_fallback_tier_contract.mjs
KILLED   REGEX verb never matches                                        v59_intent_fallback_tier_contract.mjs
KILLED   REGEX verb always matches                                       v59_intent_fallback_tier_contract.mjs
KILLED   REGEX commandEntity never matches                               v59_intent_fallback_tier_contract.mjs
KILLED   REGEX commandEntity always matches                              v59_intent_fallback_tier_contract.mjs
KILLED   REGEX negatedRequest never matches                              v59_intent_fallback_tier_contract.mjs
KILLED   REGEX negatedRequest always matches                             v59_intent_fallback_tier_contract.mjs
KILLED   REGEX hypotheticalRequest never matches                         v59_intent_fallback_tier_contract.mjs
KILLED   REGEX hypotheticalRequest always matches                        v59_intent_fallback_tier_contract.mjs
KILLED   STRUCT receipt block disabled                                   v63_intent_coverage_and_caps_contract.mjs
KILLED   STRUCT receipt exempted by a pendingAction again (BUG-002 revert)v61_budget_intent_language_contract.mjs
KILLED   STRUCT receipt fires even without intent (FP direction)         v63_intent_coverage_and_caps_contract.mjs
KILLED   STRUCT executedVerifiedCount ignores the postcondition          v61_budget_intent_language_contract.mjs
KILLED   STRUCT requestedIntent falls back to the belt again             v63_intent_coverage_and_caps_contract.mjs
KILLED   STRUCT the read veto is dropped (lexicon fires on questions)    v63_intent_coverage_and_caps_contract.mjs
KILLED   STRUCT the model can veto the lexicon again (V60-D3 revert)     v61_budget_intent_language_contract.mjs
KILLED   STRUCT budget reserve removed (packBudget == hardMax)           v62_provenance_language_and_limits_contract.mjs
KILLED   STRUCT contextBudget attached AFTER the loop (V60-D5 revert)    v63_intent_coverage_and_caps_contract.mjs
KILLED   STRUCT truncated forced false on a trimmed collection           v63_intent_coverage_and_caps_contract.mjs
KILLED   STRUCT hard-pass truncated forced false                         v61_budget_intent_language_contract.mjs
KILLED   STRUCT shown no longer follows the trim                         v61_budget_intent_language_contract.mjs
KILLED   STRUCT unknown total invented from the surviving window (V63-D1 revert)v63_intent_coverage_and_caps_contract.mjs
KILLED   STRUCT the hard floor passes are removed (V60-D1 revert)        v61_budget_intent_language_contract.mjs
KILLED   STRUCT TRIM_ORDER protected-key guard removed                   v63_intent_coverage_and_caps_contract.mjs
KILLED   STRUCT minimum-safe byte assertion removed                      v63_intent_coverage_and_caps_contract.mjs
KILLED   STRUCT namedTargets dropped from the minimum safe context       v63_intent_coverage_and_caps_contract.mjs
KILLED   STRUCT pendingAction dropped from the minimum safe context      v63_intent_coverage_and_caps_contract.mjs
KILLED   STRUCT collections dropped from the minimum safe context        v63_intent_coverage_and_caps_contract.mjs
KILLED   STRUCT history trims NEWEST first (oldest preserved)            v63_intent_coverage_and_caps_contract.mjs
KILLED   STRUCT conversationHistory pinned at 1 on the hard pass (V61-D1 revert)v61_budget_intent_language_contract.mjs
KILLED   STRUCT the trim list is never recorded                          v59_intent_fallback_tier_contract.mjs
KILLED   STRUCT overBudget always reported false                         v63_intent_coverage_and_caps_contract.mjs
KILLED   STRUCT packTokens measures the pack WITHOUT contextBudget       v63_intent_coverage_and_caps_contract.mjs
KILLED   STRUCT NaN-safe cap parser reverted (V63-D6 revert)             v63_intent_coverage_and_caps_contract.mjs
KILLED   STRUCT estimateRequestTokens forgets the system prompt          v59_intent_fallback_tier_contract.mjs
KILLED   STRUCT estimateRequestTokens measures the COMPACT form          v59_intent_fallback_tier_contract.mjs
KILLED   STRUCT the command is only counted once in the refusal (V62-D5 revert)v62_provenance_language_and_limits_contract.mjs
KILLED   STRUCT the image size gate is removed                           v59_intent_fallback_tier_contract.mjs
KILLED   STRUCT the model-context-window gate is removed                 v62_provenance_language_and_limits_contract.mjs
KILLED   STRUCT the pack preflight refusal is removed                    v62_provenance_language_and_limits_contract.mjs
KILLED   STRUCT packIdSet forgets the trim provenance (V62-D1 revert)    v59_intent_fallback_tier_contract.mjs
KILLED   STRUCT archivedCompanyIds forgets the trim provenance (V63-D2 revert)v59_intent_fallback_tier_contract.mjs
KILLED   STRUCT archivedCompanyIds ignores namedTargets                  v59_intent_fallback_tier_contract.mjs
KILLED   STRUCT the archived-parent create block is disabled             v63_intent_coverage_and_caps_contract.mjs
KILLED   STRUCT deleteTaskIds no longer checked against context          v59_intent_fallback_tier_contract.mjs
KILLED   STRUCT updateCompanies no longer checked against context        v59_intent_fallback_tier_contract.mjs
KILLED   STRUCT the raw company lifecycle-edit block is bypassed         v59_intent_fallback_tier_contract.mjs
KILLED   STRUCT provenanceIds captured AFTER the trim                    v63_intent_coverage_and_caps_contract.mjs

candidate index.ts unchanged: false  (e3134bc5a31bbc1566c1fb842384418a1cd7081561e133b3e9ee33e17d403aed)
V64 extended sweep: 169 killed, 0 SURVIVED, 0 did not apply
