GRN  exit=  0     55ms  agent_run_guard_covers_claim_returns.mjs                   (no PASS/FAIL line)
GRN  exit=  0    100ms  architecture_archived_parent_policy_contract.mjs           15 passed, 0 failed
GRN  exit=  0     62ms  architecture_collection_envelope_contract.mjs              84 passed, 0 failed
GRN  exit=  0    142ms  architecture_context_budget_contract.mjs                   38 passed, 0 failed
GRN  exit=  0    203ms  architecture_final_claim_contract.mjs                      51 passed, 0 failed
GRN  exit=  0     64ms  architecture_impact_registry_contract.mjs                  17 passed, 0 failed
GRN  exit=  0     74ms  architecture_lifecycle_rpc_only_contract.mjs               31 passed, 0 failed
GRN  exit=  0     71ms  architecture_mutation_envelope_contract.mjs                39 passed, 0 failed
GRN  exit=  0     97ms  architecture_org_scope_helper_contract.mjs                 7 passed, 0 failed
GRN  exit=  0    210ms  belt_generative_adversarial_contract.mjs                   25 passed, 0 failed
GRN  exit=  0     61ms  chat_channel_state_trusted_columns_contract.mjs            (no PASS/FAIL line)
GRN  exit=  0     52ms  claim_segmentation_and_present_tense_fp.mjs                (no PASS/FAIL line)
GRN  exit=  0     85ms  codex_release_blocker_witnesses.mjs                        32 passed, 0 failed
GRN  exit=  0     84ms  company_lifecycle_matrix.mjs                               31 passed, 0 failed
GRN  exit=  0    131ms  company_ref_no_bare_name_join.mjs                          (no PASS/FAIL line)
GRN  exit=  0     68ms  concept_duplication_ratchet_contract.mjs                   9 passed, 0 failed
GRN  exit=  0     66ms  context_scoped_mutation_gates_contract.mjs                 11 passed, 0 failed
GRN  exit=  0     61ms  current_turn_and_continuity_contract.mjs                   (no PASS/FAIL line)
GRN  exit=  0     55ms  d3_past_completion_gate_not_shortcircuited_by_pending_action.mjs (no PASS/FAIL line)
GRN  exit=  0     92ms  entity_signal_positive_contract.mjs                        5 passed, 0 failed
GRN  exit=  0     68ms  extractor_line_ending_contract.mjs                         7 passed, 0 failed
RED  exit=  1     92ms  factory_production_write_inventory.regression.test.mjs     (no PASS/FAIL line)
            operator: 'deepStrictEqual', |     diff: 'simple' |   }
GRN  exit=  0     65ms  function_redefinition_preserves_ancestor_guards.mjs        (no PASS/FAIL line)
GRN  exit=  0     75ms  grounding_precedence_canonical_over_history.mjs            18 passed, 0 failed
GRN  exit=  0     60ms  issue5_confirmation_action_type_binding.mjs                (no PASS/FAIL line)
GRN  exit=  0    147ms  lifecycle_evidence_and_output_persistence_contract.mjs     (no PASS/FAIL line)
GRN  exit=  0     59ms  manager_set_ui_canonical_write.mjs                         (no PASS/FAIL line)
GRN  exit=  0     58ms  messaging_transport_binding_agreement_contract.mjs         (no PASS/FAIL line)
GRN  exit=  0     58ms  mixed_claim_grounding.mjs                                  (no PASS/FAIL line)
GRN  exit=  0     62ms  mutation_receipt_equals_ledger.mjs                         14 passed, 0 failed
GRN  exit=  0     58ms  mutation_sweep_safety_contract.mjs                         52 passed, 0 failed
GRN  exit=  0     62ms  named_targets_shape_contract.mjs                           8 passed, 0 failed
GRN  exit=  0     66ms  org_selector_scoping_coverage.mjs                          (no PASS/FAIL line)
GRN  exit=  0     53ms  past_completion_gate_behavior.mjs                          (no PASS/FAIL line)
GRN  exit=  0     61ms  per_resource_grounding_contract.mjs                        (no PASS/FAIL line)
RED  exit=  1     64ms  person_assignment_scope_authorization.mjs                  7 passed, 4 failed
               a NULL source company must not be treated as a foreign company | BEHAVIOURAL HALF: BLOCKED — NEEDS LIVE/DB EVIDENCE. Proving the cross-tenant write behaviourally | means performing it; the acceptance cases are in supabase/drafts/202609090001_*.sql.
RED  exit=  1   4041ms  production_write_authority.regression.test.mjs             (no PASS/FAIL line)
          } | (node:2232) [DEP0190] DeprecationWarning: Passing args to a child process with shell option true can lead to security vulnerabilities, as the arguments are not escaped, only concatenated. | (Use `node --trace-deprecation ...` to show where the warning was created)
GRN  exit=  0     76ms  provenance_survives_trim_contract.mjs                      10 passed, 0 failed
GRN  exit=  0     63ms  readsAsCompletion_no_literal_semicolon_contract.mjs        4 passed, 0 failed
GRN  exit=  0    183ms  request_gate_inventory_contract.mjs                        32 passed, 0 failed
GRN  exit=  0    202ms  run10_defect_closure_contract.mjs                          (no PASS/FAIL line)
GRN  exit=  0    189ms  run11_defect_closure_contract.mjs                          (no PASS/FAIL line)
GRN  exit=  0    205ms  run12_defect_closure_contract.mjs                          (no PASS/FAIL line)
GRN  exit=  0    193ms  run13_defect_closure_contract.mjs                          (no PASS/FAIL line)
GRN  exit=  0    211ms  run14_defect_closure_contract.mjs                          (no PASS/FAIL line)
GRN  exit=  0    150ms  run15_defect_closure_contract.mjs                          (no PASS/FAIL line)
GRN  exit=  0    106ms  run16_defect_closure_contract.mjs                          (no PASS/FAIL line)
GRN  exit=  0    122ms  run17_defect_closure_contract.mjs                          (no PASS/FAIL line)
GRN  exit=  0    113ms  run18_defect_closure_contract.mjs                          (no PASS/FAIL line)
GRN  exit=  0    131ms  run19_defect_closure_contract.mjs                          62 passed, 0 failed
GRN  exit=  0    182ms  run28_defect_closure_contract.mjs                          117 passed, 0 failed
GRN  exit=  0    180ms  run8_defect_closure_contract.mjs                           (no PASS/FAIL line)
GRN  exit=  0     54ms  sem_ai_command_company_restore_truth.mjs                   (no PASS/FAIL line)
GRN  exit=  0     74ms  sem_ai_command_confirmation_truth.mjs                      (no PASS/FAIL line)
GRN  exit=  0     67ms  sem_ai_command_execution_plan_truth.mjs                    (no PASS/FAIL line)
GRN  exit=  0     55ms  sem_ai_command_factory_verification_selection.mjs          (no PASS/FAIL line)
GRN  exit=  0     57ms  sem_ai_command_named_person_lookup_truth.mjs               (no PASS/FAIL line)
GRN  exit=  0     56ms  sem_ai_command_past_completion_claim_regex.mjs             13 passed, 0 failed
GRN  exit=  0     62ms  sem_ai_command_source_invariants_drift_guard.mjs           13 passed, 0 failed
GRN  exit=  0     55ms  shared_contract_mirror_contract.mjs                        9 passed, 0 failed
GRN  exit=  0    108ms  standing_reds_classification_contract.mjs                  (no PASS/FAIL line)
GRN  exit=  0    178ms  structured_claim_laundering_contract.mjs                   (no PASS/FAIL line)
GRN  exit=  0    173ms  structured_claim_verification.mjs                          (no PASS/FAIL line)
GRN  exit=  0    158ms  tdz_forward_reference_contract.mjs                         9 passed, 0 failed
GRN  exit=  0    250ms  v56_intent_lifecycle_contract.mjs                          129 passed, 0 failed
GRN  exit=  0    276ms  v57_intent_other_veto_contract.mjs                         306 passed, 0 failed
GRN  exit=  0    188ms  v58_lifecycle_window_and_imperative_contract.mjs           48 passed, 0 failed
GRN  exit=  0    320ms  v59_intent_fallback_tier_contract.mjs                      88 passed, 0 failed
GRN  exit=  0    272ms  v60_budget_intent_and_plan_evidence_contract.mjs           22 passed, 0 failed
GRN  exit=  0    410ms  v61_budget_intent_language_contract.mjs                    25 passed, 0 failed
GRN  exit=  0    456ms  v62_provenance_language_and_limits_contract.mjs            25 passed, 0 failed
GRN  exit=  0    313ms  v63_intent_coverage_and_caps_contract.mjs                  32 passed, 0 failed
GRN  exit=  0    248ms  v64_shared_frames_and_gate_pairs_contract.mjs              74 passed, 0 failed
GRN  exit=  0    275ms  v65_request_frame_tiers_contract.mjs                       105 passed, 0 failed
GRN  exit=  0    371ms  v66_object_shape_tiers_contract.mjs                        71 passed, 0 failed
GRN  exit=  0    534ms  v67_entity_reference_contract.mjs                          23 passed, 0 failed
GRN  exit=  0    265ms  v68_clause_and_vocabulary_contract.mjs                     13 passed, 0 failed
GRN  exit=  0    218ms  v69_shape_vocabulary_and_boundary_contract.mjs             13 passed, 0 failed
GRN  exit=  0    118ms  v92_open_regression_contract.mjs                           28 passed, 0 failed
GRN  exit=  0    136ms  v92_parity_contract.mjs                                    46 passed, 0 failed

BATTERY: 80 suites, 77 green, 3 red, 0 produced NO OUTPUT
