Nothing further to request — every measurement is in, the artifacts are committed on `verify-5ebc695-campaign118` at `0767685`, and the candidate's `index.ts` is byte-identical to its starting state. Final report follows.

---

# VERIFIER #58 — campaign #118 — candidate `5ebc6953ca6665ccc22c54bee6c8573d8ee2ed62`

**PREFLIGHT: EXECUTION_READY** (HEAD `5ebc6953`; scratch probe ok; `architecture_final_claim_contract` 51/0). Starting commit recorded in `qa/verification/CURRENT_CAMPAIGN.json` (`verifier58_base_commit`), `index.ts` unchanged `e75912f..5ebc695`.

## FOUND / ROOT CAUSE / SYSTEMIC IMPACT / FIXED / TESTED / PRODUCTION / BLOCKERS

**FOUND**
- **V58-D2 (P1, contract, v92 PARITY, in the founder's task/goal scope).** A Brain Chat **task restore can never execute**. `buildContext` queries the 15 newest archived tasks (`:2304`, whose own comment says it exists so `restoreTaskIds` has something to resolve from), envelopes them (`:2635`), the prompt tells the model 4× to resolve from `context.archivedTasks` — but the pack literal (`:2639`) **never sets `archivedTasks`**. `restoreTaskIds` (`:3106`) is filtered against that always-empty set → executed through the real slice: model-emitted id of an archived, RLS-visible task → `[] / 0 RPC / report null`, even with the task inside `context.tasks`. Task archive and goal archive/restore (`:3104`, `:3803/:3805`) are filtered by membership in the 15-/20-row window. The founder then reads *"No change was made — I could not resolve which **company** you meant"* on a task request. OTM §5 row 5 + CWC §2 — the BUG-014 class (ledger #121) closed for companies only. Byte-identical in deployed v92.
- **V58-D1 (P2, conditional on the model emitting no `requestIntent`).** The "imperative-only" company fallback is a deny-list of leads: **27/56** declaratives with an exact company name execute an archive/restore RPC ("I nearly archived Alpha", "we discussed archiving Alpha", "Bob will archive Alpha", "the board recommended we archive Alpha", "I'm wondering if I should archive Alpha", "only if Bob agrees, archive Alpha"…). Ledger #129's "non-imperative leads never execute" is overstated; the promoted v57 suite pins only its 10 shapes. Withheld with `kind=read/other`; truthfully receipted; reversible; v92 had no command-name execution (new-direction departure, not intended).

**ROOT CAUSE** — one class: entity-specific / shape-specific patches (constitution §1, §10). BUG-014 was closed for companies while the task and goal paths kept the window-membership filters and the pack never carried the collection the prompt and filter depend on; the imperative gate lists leads to refuse instead of testing where the verb sits.

**SYSTEMIC IMPACT** — every chat task restore silently degrades to a wrong-entity receipt today (production has this now); archive of any task/goal outside the window is dropped. D1 exposure needs a schema-non-compliant model turn.

**FIXED** — **FIX PREPARED, not applied** (no write authority): `qa/verification/scratch/v58/v58_fix.mjs` → `index.fixed.ts` (sha256 `715246f3be9710b74193529ce9c07d44a6f3ad3739f132b6216ac04e8f519aa9`, CRLF-pure). F1 imperative-position allow-list (27/56 → 1/56, the 1 is the polite "would you archive Alpha"); F2 `archivedTasks` in the pack + server-side re-read of task/goal ids under RLS across every status, unresolved ids leave a truthful line; F3 entity-aware receipt reason.

**TESTED (own runs, real windows sliced from `index.ts`)**
| Family | Result |
|---|---|
| Battery (57 on disk) | 55 exit 0; 2 machine-posture reds; 5 SUPERSEDED stubs |
| Gates v46–v57 | v48–v52, v54–v57 green; v46 33/3 + v53 33/1 standing; v47 absent |
| 2A receipt matrix | 384 fabrication cases: 0 ship with intent derived; 217 reads verbatim; 44 verified render; 66 unverified/denied/wrong-id never claim |
| 2B intent | kind=mutation FN **0/1207**; kind=read/other FP **0/51**; purity 10/10; model absent: FN 143/1175 (12.2 %), FP 13/51 (residual) |
| 2C company lifecycle | 161/161 (with composed receipt) |
| 2D–2G machinery | 48/50 (2 = my over-broad checks); 4 delete-evidence sites w/o inverse re-read (P3) |
| 2H belt vs v92 (1550 rows) | TRUTH_REGRESSION **0** both packs; FAB_REGRESSION 90 empty-pack possessives only; e2e intent → receipt 1550/1550, 0 fabs ship; no intent → 0/4650 rewritten; read-shaped fabs ship 694 (intended, sized) |
| Step 3 vacuity | 24/24 faithful mutants killed by the committed battery |
| TDZ (own scanner) | 0 SYNC candidate & fixed; control 8eb8cbd reproduces V54-P0 |
| Delta | 343 identifiers added / **0 removed**; imports identical; deploy surface = `index.ts` |
| Regression additions | candidate 29 CONTRACT green / 19 DEFECT red by design; fixed bytes **48/0** |
| Fixed bytes | all 27 `SEM_INDEX_SRC` suites green; matrix 31/0; v56 129/0; v57 306/0; trace green |

**PRODUCTION** — v92 `c9dfab5bd433` == in-tree live download (integration-level; CLI gated). Not deployed; nothing written to production.

**BLOCKERS / NOT MEASURED** — `deno check` (npx gated, no compiler on disk; whole-file V8 parse not achieved — every changed block executes in V8 via the windows instead); live CLI download; any browser/AI-chat turn; live `requestIntent` compliance (every P2 residual leans on it). `_shared`↔`web/lib` drift guard still absent (off the surface). 64 contradicted-state rows end in a truthful correction without the literal "No change was made" line (no success wording ships).

## Skill-format summary
```
CHANGE VERIFIED: sem-ai-command candidate 5ebc695 (#57 closure) under the Operating Truth Model
SCENARIOS: 8 families executed; 6 clean; 2 defects (V58-D2 P1 contract/parity, V58-D1 P2 conditional); deno/CLI/browser BLOCKED
CANONICAL GRAPH: FAIL (task restore unreachable; task/goal lifecycle window-gated)
UI ↔ DB: BLOCKED (no browser)      AI ↔ DB: FAIL (wrong-entity receipt on task requests)
DEPENDENCIES: PASS (companies)     PERMISSIONS: PASS (RLS re-read; RPC re-derives)
RELOAD/PERSISTENCE: PASS           IDEMPOTENCY: PASS
```

## Founder-approval section
No DB migration or function deploy is pending from this campaign. One decision: **apply `v58_fix.mjs` (F1/F2/F3) to `index.ts`**, run the battery + `v58_regression_additions` (must be 48/0), `deno check` by class, and re-dispatch a verifier on the new SHA — **or** explicitly waive V58-D2 as v92 parity (it is not a regression; the candidate is strictly better than v92 on every axis I measured). Artifacts: `qa/verification/proposed/v58_known_failure_modes_entry_130.md`, `v58_PROMOTION_NOTE.md`, `v58_regression_additions.mjs`, `qa/verification/scratch/v58/*`, committed as `0767685` on `verify-5ebc695-campaign118`. Work-PC files untouched; four `p1/v56_corpora/*.json` generator outputs differ from HEAD by line endings only (content-identical; `git restore` gated).

---

**VERDICT: FAIL** — candidate `5ebc6953ca6665ccc22c54bee6c8573d8ee2ed62` is not fit to deploy over v92 under the contract bar (V58-D2: a lifecycle request gated by the context window; founder may waive as parity). EDGE STATUS = NOT DEPLOYMENT READY; FIX PREPARED.

`0fd05a92b3a088bca59b22ce41b74dcd826c7b1b46c3f9e229255aa390fe317b`
