Verification complete. Committed to `verify-415fed3-campaign86` as `781db38`.

---

## PREFLIGHT: EXECUTION_READY

- **A.** `git rev-parse HEAD` → `415fed37bbc6b266e0dcae8b64ca68195ac88475` ✓
- **B.** write probe in `qa/verification/scratch/` ✓
- **C.** `sem_ai_command_past_completion_claim_regex.mjs` → `13 passed, 0 failed` ✓

## FOUND

**FIX-D and FIX-E each close their target and each open a new hole on the axis the closure claimed it had secured.**

**D162a (P2 — a REGRESSION vs `b32e0e4`, `4476c92`, `e6a4d02` AND `0e72ced`, i.e. every SHA measured).** FIX-E's modal guard drops the **whole clause** when it matches, and its bare `be` alternative is unanchored — it never checks that the modal governs the *completion* verb. Ordinary copular English swallows a real fabrication:

| summary | 4476c92 / e6a4d02 / 0e72ced | **candidate** |
|---|---|---|
| `You can be confident ACME Holdings was archived.` | CAUGHT | **MISSED** |
| `It should be visible now — ACME Holdings was archived.` | CAUGHT | **MISSED** |
| `That may be why Beta Corp was deleted.` | CAUGHT | **MISSED** |
| `The change can be seen in the list — ACME Holdings was archived.` | CAUGHT | **MISSED** |
| `This can be confirmed and ACME Holdings was archived.` | CAUGHT | **MISSED** |

The `{0,2}?` window's *common* end is what is reachable (0/1/2 intervening words all match; 3 is still caught). The `be` alternative protects nothing — a bare-`be` hedge isn't reachable by this belt at all.

**D162b (P3 — a REGRESSION vs `e6a4d02`/`0e72ced`, the SHAs where D156 was closed).** FIX-D's split carries **no lowercase-token guard**, unlike the disjunct four lines below it that has one for exactly one reason — an `and` inside a NAME is not a clause linker (run17/D128, pinned in this file as `Salt and Pepper Co`). `No log however shows Salt and Pepper Co was archived.` is **destroyed**; the paired control `No log however shows ACME Holdings was archived.` (the closure's own D156 exemplar) survives. **The verdict changes because of the company's name.** Also: `Barnes and Noble`, `Johnson and Johnson`, `Marks and Spencer`, `Smith and Wesson`.

**D162c (P4).** run25's `noVariableLengthLookbehindShipped` `[CONTRACT]` is **vacuous** — its `[^)]*` stops at the first `)`, so it can't see the lookbehind actually shipped (`FIRST_PERSON_MAIN_CLAUSE_COMPLETION`, present at every SHA). #85's *"No variable-length lookbehind is shipped"* is false.

## ROOT CAUSE

D162b is **D125 → D128 → D162b, the same defect a third time**: FIX-D introduced a brand-new tokenizer four lines above a tokenizer that already answers "is this separator a clause boundary or part of a name?" correctly, and did not reuse it. D162a is a guard that *drops a clause* without being anchored to the thing it guards.

## WHAT IS GENUINELY CLOSED (re-derived cross-SHA on my own corpora, not adopted)

D160 **15/15**, D160b **8/8**, D156 core **12/12**, D161 hedges **9/9** (+6/6 the other direction incl. `I can confirm ACME was archived.`), 28/28 prior belt closures, 16/16 matcher closures (0 regressions vs `4476c92`), question belt **byte-identical at 5 SHAs**, belt const set unchanged (**run15 57/0**), no `(?-i:)`/`(?i:)` on any non-comment line, FIX-C's 11 lookbehinds genuinely gone, `.pop() ?? ''` safe (20,000-case fuzz, 0 throws), founder-directed lexical branch **450/450, 0 regressions vs 4476c92**.

Battery: **31 executable suites, 0 non-zero exits, 0 `FAIL` lines**; `run24` gone; `run25` present, 440 assertions, **proved assertion-bearing by 6/6 load-bearing mutations** (revert FIX-D → 43 FAIL; remove evidential → 13 FAIL; neutralise FIX-E → 6 FAIL; break D155 → 7 FAIL; break D157 → refuses to report; break D157 lexicon → 2 FAIL). No `.sql` executed. **5 self-declared `SUPERSEDED` stubs** assert nothing (disclosed, pre-existing).

## BOOKKEEPING FALSIFIED

1. **"genuinely better on BOTH axes" — FALSE.** My corpus: truthful destroyed **4 vs 21** (better), fabrications missed **5 vs 0** (worse). *Fifth consecutive campaign reporting a two-directional trade as one-directional — and the second running in which the exact claim the prior verifier ordered corrected was reissued about the replacement fix.*
2. **"FIX-E … 0 collateral" — FALSE.**
3. **"D158d added to the residual list" — NOT LANDED.** The enumeration three lines later still omits it; run25's own D158d pin still says so. #85 correction item 3 reported done, not done.
4. **run25's header self-contradicts** (line 4 correct, line 24 stale) and three case notes still read *"CAUGHT at 4476c92, missed here"*. **Fourth consecutive recurrence.**
5. **"32 suites"** = 31 executable + `_gate_extract.mjs`.

## FIX PREPARED (measured, never applied — index.ts byte-identical throughout)

- **FIX-G** — delete `|be` from FIX-E's guard → D162a 5/5 recovered, hedges 9/9 kept.
- **FIX-F** — two case-scoped splits with the `(?:^|\s)`-anchored lowercase-token guard disjunct 4 already uses → D162b 5/5 recovered, D160/D160b/D156/D128 all intact. *(The `(?:^|\s)` anchor is load-bearing — my own first attempt omitted it and did nothing; the mutation harness caught it.)*
- **Together:** `v26_regression_additions.mjs` **135/11 → 145/1**, full 31-suite battery green, **no `[RESIDUAL]` move**.

## COVERAGE GAPS (stated, not skipped)

- **`deno check` — BLOCKED**, third campaign running (no `deno` on PATH; `npx deno@2` permission-gated). Substitute: both regex literals construct and execute under V8, no modifier group shipped, FIX-D deletes constructs.
- **UI / AI-chat truth checks — NOT APPLICABLE, not skipped.** This candidate is **not deployed**; production runs `sem-ai-command` **v92**. There is no live surface exercising these bytes. Browser tools were not required and no browser evidence is claimed.
- **Synthetic data:** none created. Nothing was written to production (one read-only `functions list`), nothing outside this worktree, and `index.ts` was never written. No `QA-VERIFY-*` cleanup was needed.

## ARTIFACTS

`qa/verification/proposed/v26_known_failure_modes_entry_86.md`, `v26_PROMOTION_NOTE.md`, `v26_regression_additions.mjs` (135/11 here, nonzero exit), plus my independent extractor/mutation/corpus/matcher/founder harnesses under `qa/verification/scratch/`. Commit `781db38` on `verify-415fed3-campaign86`.

---

**FAIL**

*(Not a PASS. Smallest still-open item if the two fixes land: D162c — run25's vacuous variable-length-lookbehind detector, which lives in the suite rather than in `index.ts` and is the only case that stays red under FIX-F + FIX-G.)*

**DO NOT DEPLOY this candidate. Production stays `sem-ai-command` v92.**

```
3b5baa2c268ccb6c1ecb5e2eac0ac0f20ccfafc991af28af3b090416961f7602
```
