  0  qa\verification\proposed\v10_regression_additions.mjs                    33/7  v10_regression_additions: 33 pass, 7 fail (5 open #70 defects reproduce; 2 CONTRACT failures = guards/observat
        FAIL R10.flag.quiet         [CONTRACT] a pendingAction with nothing to gate does NOT set the flag (observed TRUE on 65ade7c — null !== undefined; see D80)
        FAIL D78.simple past        [DEFECT] D78: sentence-shaped option label "ACME deleted" is not rendered/persisted as a label THREW Cannot read properties of undefined (reading 'label')
        FAIL D78.first person       [DEFECT] D78: sentence-shaped option label "I archived ACME" is not rendered/persisted as a label THREW Cannot read properties of undefined (reading 'label')
        FAIL D78.done-colon         [DEFECT] D78: sentence-shaped option label "Done: ACME deleted" is not rendered/persisted as a label THREW Cannot read properties of undefined (reading 'label')
        FAIL D78.present tense      [DEFECT] D78: sentence-shaped option label "ACME is now archived" is not rendered/persisted as a label THREW Cannot read properties of undefined (reading 'label')
        FAIL D78.legit              [CONTRACT] D72 still holds: a legit name with a completion WORD ("Closed Loop Systems") survives as a label THREW Cannot read properties of undefined (reading 'label')
  1  qa\verification\proposed\v11_regression_additions.mjs                    43/1  v11_regression_additions: 43 pass, 1 fail (0 open #71 defects reproduce; 1 CONTRACT failures = guards that do 
        FAIL D86.hold.d72               [CONTRACT] D72 control: "Closed Loop Systems" must still survive as a real name THREW Cannot read properties of undefined (reading 'label')
  1  qa\verification\proposed\v12_regression_additions.mjs                    66/2  v12_regression_additions: 66 pass, 2 fail (1 open #72 defects reproduce; 1 CONTRACT failures = guards that do 
        FAIL D91.hold.d72                   [CONTRACT] D72 control: "Closed Loop Systems" must still survive as a real name
        FAIL D95.distinctOutOfContext       [DEFECT] D95: two refused options with NO contextPack row must still render distinguishable labels
  1  qa\verification\proposed\v13_regression_additions.mjs                    58/2  v13_regression_additions: 58 pass, 2 fail (1 open #73 defects reproduce; 1 CONTRACT failures = guards that do 
        FAIL D100.replay                      [DEFECT] D100: "Confirmed — Restored Bob Smith." must not ship as a founder-facing completion THREW knownEntityNames is not defined
        FAIL D103.hold.numbered               [CONTRACT] the committed D95 case still holds: two out-of-context options render distinguishably
  1  qa\verification\proposed\v14_regression_additions.mjs                    57/9  v14_regression_additions: 57 pass, 9 fail (6 open #74 defects reproduce; 3 CONTRACT failures = guards that do 
        FAIL D107.predicateCoversAllFour            [CONTRACT] D107: readsAsCompletion() must consult all four belts (LEGACY, EXECUTION_IN_PROGRESS, CONFIRMED_COMPLETION, REFERENCELESS_CONFIRMATION) THREW rea
        FAIL D112.negatedArchive                    [DEFECT] D112: truthful answer "Confirmed — the company is not archived." must not be destroyed by the completion belt THREW knownEntityNames is not defined
        FAIL D112.negatedComplete                   [DEFECT] D112: truthful answer "Confirmed — the task is not completed." must not be destroyed by the completion belt THREW knownEntityNames is not defined
        FAIL D112.negatedAssign                     [DEFECT] D112: truthful answer "Confirmed — Bob is not assigned to that project." must not be destroyed by the completion belt THREW knownEntityNames is not
        FAIL D112.negatedGrant                      [DEFECT] D112: truthful answer "Confirmed — access is not granted yet." must not be destroyed by the completion belt THREW knownEntityNames is not defined
        FAIL D112.negatedFirstPerson                [DEFECT] D112: truthful answer "Confirmed — I have not deleted anything." must not be destroyed by the completion belt THREW knownEntityNames is not defined
  1  qa\verification\proposed\v15_regression_additions.mjs                    no-count  Node.js v24.19.0
  1  qa\verification\proposed\v16_regression_additions.mjs                    no-count  Node.js v24.19.0
  1  qa\verification\proposed\v17_regression_additions.mjs                    no-count  Node.js v24.19.0
  1  qa\verification\proposed\v18_regression_additions.mjs                    no-count  Node.js v24.19.0
  1  qa\verification\proposed\v19_regression_additions.mjs                    29/32    DEFECT failures (defects reproduced, expected until fixed): 21
        FAIL D134.confirmedNegativeDestroyed."Confirmed — I checked, nothing was arc" [DEFECT] D134 (P1): a TRUTHFUL "Confirmed — …" negative whose negator is in a later clause is destroyed and replaced with 
        FAIL D134.confirmedNegativeDestroyed."Confirmed — I checked; nothing was arc" [DEFECT] D134 (P1): a TRUTHFUL "Confirmed — …" negative whose negator is in a later clause is destroyed and replaced with 
        FAIL D134.confirmedNegativeDestroyed."Confirmed — the request came through, " [DEFECT] D134 (P1): a TRUTHFUL "Confirmed — …" negative whose negator is in a later clause is destroyed and replaced with 
        FAIL D134.confirmedNegativeDestroyed."Confirmed — ACME exists, but it was no" [DEFECT] D134 (P1): a TRUTHFUL "Confirmed — …" negative whose negator is in a later clause is destroyed and replaced with 
        FAIL D134.confirmedNegativeDestroyed."Confirmed — I looked at every company;" [DEFECT] D134 (P1): a TRUTHFUL "Confirmed — …" negative whose negator is in a later clause is destroyed and replaced with 
        FAIL D134.confirmedNegativeDestroyed."Confirmed — the report ran, and no tas" [DEFECT] D134 (P1): a TRUTHFUL "Confirmed — …" negative whose negator is in a later clause is destroyed and replaced with 
  1  qa\verification\proposed\v20_regression_additions.mjs                    no-count  Node.js v24.19.0
  1  qa\verification\proposed\v21_regression_additions.mjs                    no-count  Node.js v24.19.0
  1  qa\verification\proposed\v22_regression_additions.mjs                    no-count  Node.js v24.19.0
  1  qa\verification\proposed\v23_regression_additions.mjs                    no-count  Node.js v24.19.0
  1  qa\verification\proposed\v24_regression_additions.mjs                    no-count  Node.js v24.19.0
  1  qa\verification\proposed\v25_regression_additions.mjs                    no-count  Node.js v24.19.0
  1  qa\verification\proposed\v26_regression_additions.mjs                    no-count  Node.js v24.19.0
  1  qa\verification\proposed\v27_regression_additions.mjs                    no-count  Node.js v24.19.0
  1  qa\verification\proposed\v28_regression_additions.mjs                    no-count  Node.js v24.19.0
  1  qa\verification\proposed\v29_regression_additions.mjs                    no-count  Node.js v24.19.0
  1  qa\verification\scratch\v92\v30_regression_additions.mjs                 25/1    - [CONTRACT] belt declares exactly the known const list (no new declaration) — got: LEGACY_PAST_COMPLETION,P
        FAIL  [CONTRACT] belt declares exactly the known const list (no new declaration) — got: LEGACY_PAST_COMPLETION,PROGRESS_VERBS,EXECUTION_IN_PROGRESS,me,hasSupportedMutationClaim,CONFIRMED_COMPLETION,NE
  1  qa\verification\scratch\v92\v31_regression_additions.mjs                 32/2    V31-F3b specifically was re-derived by verifier #41 as SHARED, not a blocker.
        FAIL  [CONTRACT] negator-bearing NAMES: every fabrication caught (48) — "I archived No Limits Inc." | "I archived Nothing Bundt Cakes." | "I archived Never Summer Industries." | "I archived None The W
        FAIL  [DEFECT] V31-F3b the negator lexicon covers ordinary contracted negations — NEGATED_CLAUSE does not recognise couldn't, wouldn't, shouldn't, won't — the R-AUXGAP whole-summary guard is therefore
  1  qa\verification\scratch\v92\v32_regression_additions.mjs                 98/3    - [CONTRACT] objectName.fabricationCaught."I restored None The Wiser LLC."
        FAIL  [CONTRACT] objectName.fabricationCaught."I archived No Limits Inc."
        FAIL  [CONTRACT] objectName.fabricationCaught."I deleted Nothing Bundt Cakes."
        FAIL  [CONTRACT] objectName.fabricationCaught."I restored None The Wiser LLC."
  1  qa\verification\scratch\v92\v33_regression_additions.mjs                 92/1    - [CONTRACT] run15/D117 later-sentence negator does not disarm :: "I archived Beta Corp. No approvals were n
        FAIL  [CONTRACT] run15/D117 later-sentence negator does not disarm :: "I archived Beta Corp. No approvals were needed"
  0  qa\verification\scratch\v92\v34\v34_regression_additions.mjs             57/0  57 passed, 0 failed, 1 residual note(s)
  0  qa\verification\scratch\v92\v35\v35_regression_additions.mjs             55/0  55 passed, 0 failed, 2 residual note(s)
  1  qa\verification\scratch\v92\v36\v36_regression_additions.mjs             60/1    - [CONTRACT] first-person object negations survive; the negator-name object fabrication stays caught
        FAIL  [CONTRACT] first-person object negations survive; the negator-name object fabrication stays caught
  1  qa\verification\scratch\v92\v37\v37_regression_additions.mjs             20/1  20 passed, 1 failed, 1 residual note(s)
        FAIL [DEFECT] V37-F3 an idiom prefix before a first-person / progressive fabrication does not disarm it :: No problem — I archived ACME. | Not to worry — We removed Bob Smith. | No harm done—I archive
  1  qa\verification\scratch\v92\v38\v38_regression_additions.mjs             27/2    - [DEFECT] V38-D5 idiom does not shield :: No worries — I archived ACME Corp.… — fabrication shipped behind 
        FAIL [DEFECT] V38-D3 a fabrication about a negator-token name is caught — 7 shipped, e.g. "I archived No Limits Inc."
        FAIL [DEFECT] V38-D5 idiom does not shield :: No worries — I archived ACME Corp.… — fabrication shipped behind a reassurance idiom
  1  qa\verification\scratch\v92\v39\v39_regression_additions.mjs             19/2    - [CONTRACT] V39-C3.negatorTokenNamesBothDirections — a name that CONTAINS a negator token: the fabrication 
        FAIL  [CONTRACT] V39-C-ENTITY.absenceIsNeverUsedAsEvidence — when that lands, truncation-safety requires that a name being ABSENT from the set proves nothing (no negative use)
        FAIL  [CONTRACT] V39-C3.negatorTokenNamesBothDirections — a name that CONTAINS a negator token: the fabrication is caught AND the truthful negative survives
  1  qa\verification\scratch\v40\v40_regression_additions.mjs                 49/28    - [CONTRACT] V40-C4.hold.stateAnswersAndCountsSurvive — run19/D137 + run14/D112: present-tense STATE answers
        FAIL  [DEFECT  ] V40-D2.adverbialAfterParticiple :: "Confirmed — Archived no longer means deleted." — the participle heads an adverbial, not an object; v92 preserves this sentence and the candidate co
        FAIL  [DEFECT  ] V40-D2.adverbialAfterParticiple :: "Confirmed — Deleted no longer appears in the picker." — the participle heads an adverbial, not an object; v92 preserves this sentence and the candi
        FAIL  [CONTRACT] V40-D2.hold.realConfirmedClaimsStayCaught — closing D2 must not blind the CONFIRMED arm to a real claim — threw: knownEntityNames is not defined
        FAIL  [CONTRACT] V40-D3.hold.realFirstPersonClaimsStayCaught — closing D3 must not blind the first-person arm — threw: knownEntityNames is not defined
        FAIL  [CONTRACT] V40-D3.hold.truthfulFirstPersonSurvives — the truthful first-person negatives must stay preserved — threw: knownEntityNames is not defined
        FAIL  [DEFECT  ] V40-D4.finiteVerbEndsTheNegatorClause :: "No errors occurred the department was removed." — deployed v92 CORRECTS this fabrication and the candidate ships it end-to-end — threw: known
  1  qa\verification\scratch\v92\v40\v40_regression_additions.mjs             76/1    - [CONTRACT] V40-D3.hold.realFirstPersonClaimsStayCaught — closing D3 must not blind the first-person arm
        FAIL  [CONTRACT] V40-D3.hold.realFirstPersonClaimsStayCaught — closing D3 must not blind the first-person arm
        FAILURES:
  1  qa\verification\scratch\v41\v41_regression_additions.mjs                 no-count  Node.js v24.19.0
  1  qa\verification\scratch\v92\v41\v41_regression_additions.mjs             21/1    - [CONTRACT] V41-C4a negator-token NAMES: every fabrication is caught (48) :: ["I archived No Limits Inc.","
        FAIL  [CONTRACT] V41-C4a negator-token NAMES: every fabrication is caught (48)
  1  qa\verification\scratch\v42\v42_regression_additions.mjs                 no-count  Node.js v24.19.0
  1  qa\verification\scratch\v92\v42\v42_regression_additions.mjs             11/2  sit red through four verifiers (ledger #102), and writing it again is the failure repeating.
        FAIL  [DEFECT  ] V42-D2.participleInitialNamesSurvive — a truthful report about an entity whose NAME begins with a completion participle must survive (deployed v92 preserves all 48)
        FAIL  [CONTRACT] V42-C4.participleNameFabricationsStayCaught — the fabrication twins about the SAME names stay caught — the referent is what separates them, not the surface string
        FAILING: V42-D2.participleInitialNamesSurvive, V42-C4.participleNameFabricationsStayCaught
  0  qa\verification\scratch\v43\v43_regression_additions.mjs                 40/0  v43_regression_additions: 40 passed, 0 failed
  0  qa\verification\scratch\v92\v43\v43_regression_additions.mjs             40/0  v43_regression_additions: 40 passed, 0 failed
  0  qa\verification\scratch\v44\v44_regression_additions.mjs                 118/0  v44_regression_additions: 118 passed, 0 failed
  0  qa\verification\scratch\v92\v44\v44_regression_additions.mjs             118/0  v44_regression_additions: 118 passed, 0 failed
  1  qa\verification\scratch\v92\v45\v45_regression_additions.mjs             51/3    [CONTRACT] V45-C8.fixIsLoadBearing.nameInternal — reverting this fix moved no verdict on the shapes it exist
        FAIL  [CONTRACT] V45-C1.candidateCatchesEveryFabricationInThisSet — ["I archived ACME Holdings.","I have deleted Blue Sky Logistics."]
        FAIL  [CONTRACT] V45-C5.run8_D59_pendingActionShortCircuitNotReintroduced — the D3 short-circuit deployed v92 still carries is back in legacyProseFallback
        FAIL  [CONTRACT] V45-C8.fixIsLoadBearing.nameInternal — reverting this fix moved no verdict on the shapes it exists for THREW mutation anchor did not apply — RE-ANCHOR, do not let this pass
        FAILURES:
  1  qa\verification\proposed\v46_regression_additions.mjs                    33/3    - DEFECT :: V46-D5 CONFIRMED_COMPLETION carries the same participles as its sibling lists  -- missing: close
        FAIL [CONTRACT] C8a index.ts is pure CRLF (6003 CRLF, 0 bare LF)  -- crlf=6015 bareLF=0
        FAIL [DEFECT] V46-D1 growth exponent on a single unsplittable clause must be <= 2.0  -- measured e=2.59  (2.01 ms at 1 KB -> 72.38 ms at 4 KB)
        FAIL [DEFECT] V46-D5 CONFIRMED_COMPLETION carries the same participles as its sibling lists  -- missing: closed, added — so "Confirmed — Closed ACME." escapes while "Confirmed — Archived ACME." is cau
        FAILURES:
  2  qa\verification\scratch\v92\v46\v46_regression_additions.mjs             no-count  v46: ROOT resolved wrong -> C:\Users\Dell\dev\brain-os-verify-904bf19\qa\verification
  1  qa\verification\scratch\v47\v47_regression_additions.mjs                 43/9    - CONTRACT :: V47-C11 mutant applies — objectName  -- the mutation string is stale; re-anchor it, do not del
        FAIL [DEFECT] V47-D2 a fabrication about a negator-token-named entity with a lowercase head noun must not ship when deployed v92 corrects it (320 rows)  -- 320 shipped, e.g. "No Limits Inc unit was ar
        FAIL [DEFECT] V47-D5 the product's own `Confirmed — you selected “<name>”.` (index.ts:2769) must not be belt-destroyed for a participle-initial entity name even with the name in the pack  -- 2 destroy
        FAIL [DEFECT] V47-D6 a local const inside readsAsCompletion's .map() callback breaks run15, and the narrowed CONTRACT 5 (top-level declarations only) does not flag it  -- run15 BROKE, CONTRACT 5 staye
        FAIL [DEFECT] V47-D8 v92_parity_contract's corpus must contain the conditioned-offer class it is the named gate for  -- the gate reads 46/0 while a 49-row truth regression is open and disclosed elsewh
        FAIL [DEFECT] V47-D8b v92_parity_contract's corpus must contain negator-token-name fabrications  -- zero present, and V47-D2 lives exactly there
        FAIL [DEFECT] V47-D7b v47_guard_repro.mjs must be able to reach the CANDIDATE it claims to measure  -- its GUARD anchor is absent from the candidate, so it exits 2 ("STALE") after writing pre_guard.ts
  1  qa\verification\scratch\v92\v47\v47_regression_additions.mjs             43/9    - CONTRACT :: V47-C11 mutant applies — objectName  -- the mutation string is stale; re-anchor it, do not del
        FAIL [DEFECT] V47-D2 a fabrication about a negator-token-named entity with a lowercase head noun must not ship when deployed v92 corrects it (320 rows)  -- 320 shipped, e.g. "No Limits Inc unit was ar
        FAIL [DEFECT] V47-D5 the product's own `Confirmed — you selected “<name>”.` (index.ts:2769) must not be belt-destroyed for a participle-initial entity name even with the name in the pack  -- 2 destroy
        FAIL [DEFECT] V47-D6 a local const inside readsAsCompletion's .map() callback breaks run15, and the narrowed CONTRACT 5 (top-level declarations only) does not flag it  -- run15 BROKE, CONTRACT 5 staye
        FAIL [DEFECT] V47-D8 v92_parity_contract's corpus must contain the conditioned-offer class it is the named gate for  -- the gate reads 46/0 while a 49-row truth regression is open and disclosed elsewh
        FAIL [DEFECT] V47-D8b v92_parity_contract's corpus must contain negator-token-name fabrications  -- zero present, and V47-D2 lives exactly there
        FAIL [DEFECT] V47-D7b v47_guard_repro.mjs must be able to reach the CANDIDATE it claims to measure  -- its GUARD anchor is absent from the candidate, so it exits 2 ("STALE") after writing pre_guard.ts
  0  qa\verification\proposed\v48_regression_additions.mjs                    58/0  58 passed, 0 failed
  0  qa\verification\proposed\v49_regression_additions.mjs                    16/0  v49_regression_additions: 16 passed, 0 failed
  0  qa\verification\proposed\v50_regression_additions.mjs                    16/0  v50_regression_additions: 16 passed, 0 failed
  0  qa\verification\proposed\v51_regression_additions.mjs                    17/0  v51_regression_additions: 17 passed, 0 failed
  0  qa\verification\proposed\v52_regression_additions.mjs                    16/0  v52_regression_additions: 16 passed, 0 failed

GATES=50 exit0=12 nonzero=38
