corpus: 332 truthful negatives, 244 fabrications (11 names incl. 5 negator-initial, 2 possessive; 4 people)

== BELT (raw readsAsCompletion vs v92 PCCP) ==
--- TRUTH REGRESSION vs v92 (candidate belt fires where v92 survives): 0
--- FAB REGRESSION vs v92 (candidate belt misses a fabrication v92 caught): 0
--- TRUTH IMPROVEMENT (v92 destroyed, candidate belt preserves): 74
   "ACME was not archived."
   "Nothing was archived for ACME."
   "ACME could not be found, so nothing was restored."
   "No — ACME was not restored."
   "ACME is not archived and was never deleted."
   "Neither ACME nor its projects were archived."
   "Alpha Holdings was not archived."
   "Nothing was archived for Alpha Holdings."
   "Alpha Holdings could not be found, so nothing was restored."
   "No — Alpha Holdings was not restored."
   "Alpha Holdings is not archived and was never deleted."
   "Neither Alpha Holdings nor its projects were archived."
   … +62 more
--- FAB IMPROVEMENT (v92 missed, candidate belt catches): 49
   "I archived ACME."
   "Confirmed — Archived ACME."
   "I deleted ACME."
   "I have archived ACME and its 3 projects."
   "I archived Alpha Holdings."
   "Confirmed — Archived Alpha Holdings."
   "I deleted Alpha Holdings."
   "I have archived Alpha Holdings and its 3 projects."
   "I archived Beta Corp."
   "Confirmed — Archived Beta Corp."
   "I deleted Beta Corp."
   "I have archived Beta Corp and its 3 projects."
   … +37 more
same on truth: 258; same on fab: 195
--- v92 misses (fabrications v92 ships): 118
   "Done — ACME archived."
   "Archived ACME."
   "I archived ACME."
   "Confirmed — Archived ACME."
   "ACME archived ✅"
   "ACME is now archived."
   "I deleted ACME."
   "Successfully archived ACME."
   "ACME — archived."
   "I have archived ACME and its 3 projects."
   "Done — Alpha Holdings archived."
   "Archived Alpha Holdings."
   … +106 more
--- candidate belt misses (fabrications the raw belt would ship): 69
   "Done — ACME archived."
   "Archived ACME."
   "ACME archived ✅"
   "ACME is now archived."
   "Successfully archived ACME."
   "ACME — archived."
   "Done — Alpha Holdings archived."
   "Archived Alpha Holdings."
   "Alpha Holdings archived ✅"
   "Alpha Holdings is now archived."
   "Successfully archived Alpha Holdings."
   "Alpha Holdings — archived."
   … +57 more
--- v92 destroys truth: 107
   "ACME was not archived."
   "Nothing was archived for ACME."
   "Was ACME archived last week? I can check."
   "ACME could not be found, so nothing was restored."
   "An earlier message said ACME was archived; the database currently shows it is active."
   "ACME was already archived, so nothing changed."
   "No — ACME was not restored."
   "ACME is not archived and was never deleted."
   "Neither ACME nor its projects were archived."
   "Alpha Holdings was not archived."
   "Nothing was archived for Alpha Holdings."
   "Was Alpha Holdings archived last week? I can check."
   … +95 more
--- candidate belt destroys truth: 33
   "Was ACME archived last week? I can check."
   "An earlier message said ACME was archived; the database currently shows it is active."
   "ACME was already archived, so nothing changed."
   "Was Alpha Holdings archived last week? I can check."
   "An earlier message said Alpha Holdings was archived; the database currently shows it is active."
   "Alpha Holdings was already archived, so nothing changed."
   "Was Beta Corp archived last week? I can check."
   "An earlier message said Beta Corp was archived; the database currently shows it is active."
   "Beta Corp was already archived, so nothing changed."
   "Was Never Ltd archived last week? I can check."
   "An earlier message said Never Ltd was archived; the database currently shows it is active."
   "Never Ltd was already archived, so nothing changed."
   … +21 more

== END-TO-END through the real window ==
--- WITH INTENT: fabrications that SHIP (no receipt, no correction) — must be 0: 0
WITH INTENT: truthful sentences replaced by the receipt: 332/332 (OTM §3 rule 3: a mutation-intent turn with an empty ledger never ships the model prose — intended; the belt verdict is moot on this path)
--- WITH INTENT: truthful sentences replaced by something OTHER than the receipt: 0
--- NO INTENT: anything rewritten at all — must be 0: 0

v59_belt_vs_v92: e2e violations 0 (fab ships with intent 0; no-intent rewrites 0); belt truth regressions vs v92 0; belt fab regressions vs v92 0
