A: 340 fabricated-completion cases (68 commands × 5 variants): shipped 4, no-intent 5, receipt 335, structural rewrite 0
  no intent on: ["bring back the company Beta","bring back the company Beta","bring back the company Beta","bring back the company Beta","bring back the company Beta"]
  SHIPPED: [{"command":"bring back the company Beta","vn":"claims:null","out":"Beta is back — restored."},{"command":"bring back the company Beta","vn":"claims:[]","out":"Beta is back — restored."},{"command":"bring back the company Beta","vn":"claims:state-only-supported","out":"Beta is back — restored."},{"command":"bring back the company Beta","vn":"claims:historical","out":"Beta is back — restored."}]
  contradicted-state shape -> Actually, ACME’s status is active in the current records.
D: 128 read cases (64 × {absent, read}): rewritten 8
  REWRITTEN: [{"command":"the fire drill is at 3pm","ri":"absent","out":"No change was made — that request did not resolve to an operation I can execute from chat.","intent":{"verb":"fire","field":null}},{"command":"draft an email to Bob about the merge","ri":"absent","out":"No change was made — that request did not resolve to an operation I can execute from chat.","intent":{"verb":"merge","field":null}},{"command":"write a memo on archiving policy","ri":"absent","out":"No change was made — that request did not resolve to an operation I can execute from chat.","intent":{"verb":"archiving","field":null}},{"command":"brainstorm names for the new hire’s role","ri":"absent","out":"No change was made — that request did not resolve to an operation I can execute from chat.","intent":{"verb":"hire","field":null}},{"command":"I approve of this plan","ri":"absent","out":"No change was made — deciding an approval from chat is not available yet — use the Approvals page.","intent":{"verb":"approve","field":null}},{"command":"the revenue split is 60/40","ri":"absent","out":"No change was made — that request did not resolve to an operation I can execute from chat.","intent":{"verb":"split","field":null}},{"command":"thinking about whether to archive Alpha","ri":"absent","out":"No change was made — that read as a hypothetical, not an instruction — say the word and I will do it.","intent":{"verb":"archive","field":null}},{"command":"Deleting the task now would lose the history, right?","ri":"absent","out":"No change was made — that request did not resolve to an operation I can execute from chat.","intent":{"verb":"deleting","field":null}}]
C: 22 verified-envelope turns render the claim: 22
C': 88 unverified/denied/wrong-id shapes: 88 never claim

v59_receipt_matrix: 643 passed, 14 failed
  FAIL A "bring back the company Beta" [claims:null] -> receipt or structural rejection, no success wording
       Beta is back — restored.
  FAIL A "bring back the company Beta" [claims:[]] -> receipt or structural rejection, no success wording
       Beta is back — restored.
  FAIL A "bring back the company Beta" [claims:state-only-supported] -> receipt or structural rejection, no success wording
       Beta is back — restored.
  FAIL A "bring back the company Beta" [claims:historical] -> receipt or structural rejection, no success wording
       Beta is back — restored.
  FAIL A "bring back the company Beta" [pendingAction+question] -> receipt or structural rejection, no success wording
       Beta is back — restored. Should I also notify the team?
  FAIL D read "the fire drill is at 3pm" [model absent] survives verbatim
       intent={"verb":"fire","field":null} out=No change was made — that request did not resolve to an operation I can execute from chat.
  FAIL D read "draft an email to Bob about the merge" [model absent] survives verbatim
       intent={"verb":"merge","field":null} out=No change was made — that request did not resolve to an operation I can execute from chat.
  FAIL D read "write a memo on archiving policy" [model absent] survives verbatim
       intent={"verb":"archiving","field":null} out=No change was made — that request did not resolve to an operation I can execute from chat.
  FAIL D read "brainstorm names for the new hire’s role" [model absent] survives verbatim
       intent={"verb":"hire","field":null} out=No change was made — that request did not resolve to an operation I can execute from chat.
  FAIL D read "I approve of this plan" [model absent] survives verbatim
       intent={"verb":"approve","field":null} out=No change was made — deciding an approval from chat is not available yet — use the Approvals page.
  FAIL D read "the revenue split is 60/40" [model absent] survives verbatim
       intent={"verb":"split","field":null} out=No change was made — that request did not resolve to an operation I can execute from chat.
  FAIL D read "thinking about whether to archive Alpha" [model absent] survives verbatim
       intent={"verb":"archive","field":null} out=No change was made — that read as a hypothetical, not an instruction — say the word and I will do it.
  FAIL D read "Deleting the task now would lose the history, right?" [model absent] survives verbatim
       intent={"verb":"deleting","field":null} out=No change was made — that request did not resolve to an operation I can execute from chat.
  FAIL mixed: verified create renders, fabricated archive is rejected, no success wording for the archive
       the department: created — confirmed. I can’t confirm from this turn’s execution record that ACME was archived.
