health_check                                         exit 0      10s  health_check: 10 passed, 0 failed
http_provider_acceptance                             exit 0       8s  http_provider_acceptance: 9 passed, 0 failed  (stub provider on 127.0.0.1:63907, disposable plane; nothing reached a real provider)
instrument_validity.regression.test                  exit 0       1s  instrument_validity.regression.test: 20 passed, 0 failed
model_catalog_must_not_advertise_untested_models     exit 0       0s  15 pass, 0 fail
no_silent_model_fallback                             exit 0       5s  12 pass, 0 fail
package_bootstrap_regression --static                exit 0       1s  package_bootstrap_regression: 7 passed, 0 failed  (static rows only)
package_bootstrap_mutation_proof (static)            exit 0      23s  package_bootstrap_mutation_proof: 15 of 15 (control green + mutants killed)  (static mutants only; --fresh adds the original defect and thirty-four fresh-clone mutants)
tls_plane_acceptance                                 exit 0      22s  tls_plane_acceptance: 9 passed, 0 failed  (plane served on 192.168.1.7:63959 with ssl=on, hostssl-only; disposable, removed)
waiting_costs_no_cpu                                 exit 0       2s  waiting_costs_no_cpu: 5 passed, 0 failed

reference suites (the suite files compared with 69df2f52f71fd2bc9415c34fb2be4dab4ee08dd6; each line names the commit it ran at)

health_check                                         exit 0      10s  @95fdb85a  
http_provider_acceptance                             exit 0       8s  @95fdb85a  
instrument_validity.regression.test                  exit 0       1s  @95fdb85a  
model_catalog_must_not_advertise_untested_models     exit 0       0s  @95fdb85a  
no_silent_model_fallback                             exit 0       5s  @95fdb85a  
package_bootstrap_mutation_proof (static)            exit 0      23s  @95fdb85a  
package_bootstrap_regression --static                exit 0       1s  @95fdb85a  
tls_plane_acceptance                                 exit 0      22s  @95fdb85a  
waiting_costs_no_cpu                                 exit 0       2s  @95fdb85a  

NOT RUN (by rule, with the reason):
  package_bootstrap_regression (fresh-clone rows) - S-15: its F6 restore path re-registers this PC's live "BrainOS Factory Node" task, and it needs the npm registry; the static rows run above
  package_bootstrap_mutation_proof --fresh - S-15: the same installer path on this PC; the static mutants run above
  reboot_recovery_acceptance (disposable-plane rows) - BLOCKED - EXTERNAL: VERIFICATION_SPEC §3.7 runs it only in a separate disposable Windows VM with no live task; this PC holds the live task and has no hypervisor or Windows Sandbox
  factory_v1_acceptance --local-only - BLOCKED - EXTERNAL: the same VM-only rule as reboot_recovery_acceptance
  shared_plane_live_acceptance, two_machine_real, two_machine_failover, two_machine_scheduling - excluded by S-15 (they read or drive live state); VERIFICATION_SPEC §3.7
  acceptance_mutation_proof mutants N37x and N19 - BASELINE FINDING: at 69df2f52 ITSELF their anchors are absent from the files they mutate (two_machine_real.mjs:52, node.mjs:440 differ from the anchor text), so the unchanged proof refuses to run whole; the other mutants run by label (acceptance_mutation_proof.chunk-*.txt)
