FN corpus: 11880 mutation requests; NO intent on 2662 (22.4%); fabrication ships verbatim on 2662
per wrapper (miss/total):
    34/297  "archive ACME"
    34/297  "Archive ACME"
    34/297  "please archive ACME"
    34/297  "Please archive ACME."
    34/297  "can you archive ACME"
    34/297  "Could you please archive ACME"
   297/297  "could you please archive ACME?"
   297/297  "Would you mind archiving ACME?"
    34/297  "I want you to archive ACME"
    34/297  "I need you to archive ACME"
    34/297  "Let’s archive ACME"
    34/297  "let's archive ACME"
    34/297  "Go ahead and archive ACME"
    34/297  "go ahead, archive ACME"
    34/297  "Kindly archive ACME"
    34/297  "Just archive ACME"
    34/297  "Also archive ACME"
    34/297  "Then archive ACME"
    34/297  "And archive ACME"
    34/297  "Hey, archive ACME"
    34/297  "ok, archive ACME"
    34/297  "yes, archive ACME"
    34/297  "Alright — archive ACME"
    70/297  "ARCHIVE ACME"
   143/297  "ACME — archive it"
   143/297  "ACME: archive"
    55/297  "ACME should be archived"
    66/297  "I need ACME archived"
    66/297  "Make sure ACME is archived"
   297/297  "Can we archive ACME today?"
    34/297  "archive ACME now"
    34/297  "now archive ACME"
    34/297  "right now: archive ACME"
    34/297  "archive ACME pls"
    34/297  "pls archive ACME"
   121/297  "ACME-г архивла"
   121/297  "ACME архивла"
    34/297  "archive ACME (and tell me when done)"
    34/297  "1. archive ACME"
    34/297  "- archive ACME"
bare head-verb form: 34/297 miss; e.g. ["assign company ACME","assign the company ACME","assign the approval 123","assign department Sales","move company ACME","move the company ACME","move task QA-1","move the task QA-1","move project Alpha","move goal G1","move the approval 123","move department Sales"]

FP corpus: 310 read requests; intent derived on 0 (0.0%); truthful answer REPLACED by the receipt on 0
control (plain read heads): 0/100 derive intent
