FN corpus: 11880 mutation requests; NO intent on 122 (1.0%); fabrication ships verbatim on 122
per wrapper (miss/total):
     0/297  "archive ACME"
     0/297  "Archive ACME"
     0/297  "please archive ACME"
     0/297  "Please archive ACME."
     0/297  "can you archive ACME"
     0/297  "Could you please archive ACME"
     0/297  "could you please archive ACME?"
    11/297  "Would you mind archiving ACME?"
     0/297  "I want you to archive ACME"
     0/297  "I need you to archive ACME"
     0/297  "Let’s archive ACME"
     0/297  "let's archive ACME"
     0/297  "Go ahead and archive ACME"
     0/297  "go ahead, archive ACME"
     0/297  "Kindly archive ACME"
     0/297  "Just archive ACME"
     0/297  "Also archive ACME"
     0/297  "Then archive ACME"
     0/297  "And archive ACME"
     0/297  "Hey, archive ACME"
     0/297  "ok, archive ACME"
     0/297  "yes, archive ACME"
     0/297  "Alright — archive ACME"
     0/297  "ARCHIVE ACME"
     0/297  "ACME — archive it"
     0/297  "ACME: archive"
    11/297  "ACME should be archived"
    11/297  "I need ACME archived"
    11/297  "Make sure ACME is archived"
     0/297  "Can we archive ACME today?"
     0/297  "archive ACME now"
     0/297  "now archive ACME"
     0/297  "right now: archive ACME"
     0/297  "archive ACME pls"
     0/297  "pls archive ACME"
    66/297  "ACME-г архивла"
    12/297  "ACME архивла"
     0/297  "archive ACME (and tell me when done)"
     0/297  "1. archive ACME"
     0/297  "- archive ACME"
bare head-verb form: 0/297 miss; e.g. []

FP corpus: 310 read requests; intent derived on 0 (0.0%); truthful answer REPLACED by the receipt on 0
control (plain read heads): 0/100 derive intent
