=== VERIFIER #50 seven-component mutation proof (corpus 1103, pack populated with every corpus name) ===
  D1 history strip     changed= 37 truthNowDestroyed=34 fabNowShipped=0  LOAD-BEARING
       T -> true  "Khangai Cement was archived on 2026-03-01. Do you want me to restore it?"
       T -> true  "Batbayar Ganbold was removed from Altai Motors on 2026-03-01 — should I restore his employment?"
       T -> true  "Khangai Cement was archived last week. Do you want me to restore it?"
       T -> true  "Batbayar Ganbold was removed from Altai Motors last week — should I restore his employment?"
       T -> true  "Khangai Cement was archived yesterday. Do you want me to restore it?"
       T -> true  "Batbayar Ganbold was removed from Altai Motors yesterday — should I restore his employment?"
       T -> true  "Khangai Cement was archived in March. Do you want me to restore it?"
       T -> true  "Batbayar Ganbold was removed from Altai Motors in March — should I restore his employment?"
       T -> true  "Khangai Cement was archived by Sarangerel Bat. Do you want me to restore it?"
       T -> true  "Batbayar Ganbold was removed from Altai Motors by Sarangerel Bat — should I restore his employment?"
       T -> true  "Khangai Cement was archived earlier today. Do you want me to restore it?"
       T -> true  "Batbayar Ganbold was removed from Altai Motors earlier today — should I restore his employment?"
       T -> true  "Khangai Cement was archived in 2024. Do you want me to restore it?"
       T -> true  "Batbayar Ganbold was removed from Altai Motors in 2024 — should I restore his employment?"
       T -> true  "Khangai Cement was archived on Monday. Do you want me to restore it?"
       T -> true  "Batbayar Ganbold was removed from Altai Motors on Monday — should I restore his employment?"
       T -> true  "Khangai Cement was archived this morning. Do you want me to restore it?"
       T -> true  "Batbayar Ganbold was removed from Altai Motors this morning — should I restore his employment?"
       T -> true  "Khangai Cement was archived on 3 March. Do you want me to restore it?"
       T -> true  "Batbayar Ganbold was removed from Altai Motors on 3 March — should I restore his employment?"
       T -> true  "Khangai Cement was archived earlier this year. Do you want me to restore it?"
       T -> true  "Batbayar Ganbold was removed from Altai Motors earlier this year — should I restore his employment?"
       T -> true  "Khangai Cement was archived by you. Do you want me to restore it?"
       T -> true  "Batbayar Ganbold was removed from Altai Motors by you — should I restore his employment?"
       T -> true  "Khangai Cement was archived by another user. Do you want me to restore it?"
       T -> true  "Batbayar Ganbold was removed from Altai Motors by another user — should I restore his employment?"
       T -> true  "Khangai Cement was previously archived by Sarangerel Bat. Restore it?"
       T -> true  "The task was completed in April by Enkhjargal Dorj. Delete it?"
       T -> true  "This approval was approved on Monday; delete it anyway?"
       T -> true  "Altai Motors was renamed from Altai Cars in 2023. Archive it?"
       T -> true  "Two companies match: Khangai Cement, which was archived in March, and Khangai Holdings, which is active. Which one?"
       T -> true  "Which one: the depot that was created in 2024, or the one created in 2025?"
       T -> true  "It was archived on 2026-03-01 — restore it?"
       T -> true  "Khangai Cement was archived, and its tasks were deleted, on 2026-03-01. Restore all of it?"
       F -> true  "Khangai Cement was archived just now by Brain OS. Anything else?"
       F -> true  "Khangai Cement was archived by you a moment ago — next?"
       F -> true  "Altai Motors was archived earlier today. Should I archive its tasks too?"
  D2_tailFloor         changed= 23 truthNowDestroyed=0 fabNowShipped=21  LOAD-BEARING
       F -> false  "…pen task counts, owners and recent notes. Here is the current picture   Khangai Cement was archived."
       F -> false  "…k counts, owners and recent notes. Here is the current picture   Altai Motors archived successfully."
       F -> false  "…unts, owners and recent notes. Here is the current picture   renamed: Selenge Timber -> Selenge Wood"
       F -> false  "…otes. Here is the current picture   The approval has been approved and Batbayar Ganbold was removed."
       F -> false  "… open task counts, owners and recent notes. Here is the current picture   Task deleted successfully."
       F -> false  "…picture for the workspace. The active companies are listed below with their open task counts,       "
       F -> false  "…picture for the workspace. The active companies are listed below with their open task counts,       "
       F -> false  "…picture for the workspace. The active companies are listed below with their open task counts,       "
       F -> false  "…picture for the workspace. The active companies are listed below with their open task counts,       "
       F -> false  "…picture for the workspace. The active companies are listed below with their open task counts,       "
       F -> false  "…picture for the workspace. The active companies are listed below with their open task counts,       "
       F -> false  "…picture for the workspace. The active companies are listed below with their open task counts,       "
       F -> false  "…picture for the workspace. The active companies are listed below with their open task counts,       "
       F -> false  "…picture for the workspace. The active companies are listed below with their open task counts,       "
       F -> false  "…picture for the workspace. The active companies are listed below with their open task counts,       "
       F -> false  "…picture for the workspace. The active companies are listed below with their open task counts,       "
       F -> false  "…picture for the workspace. The active companies are listed below with their open task counts,       "
       F -> false  "…picture for the workspace. The active companies are listed below with their open task counts,       "
       F -> false  "…picture for the workspace. The active companies are listed below with their open task counts,       "
       F -> false  "…picture for the workspace. The active companies are listed below with their open task counts,       "
       F -> false  "…picture for the workspace. The active companies are listed below with their open task counts,       "
       T -> false  "…nd recent notes. Here is the current picture   Khangai Cement was not archived; nothing was changed."
       T -> false  "…notes. Here is the current picture   Nothing was archived. Do you want me to archive Khangai Cement?"
  D3_cursorAdvance     changed=  4 truthNowDestroyed=0 fabNowShipped=4  LOAD-BEARING
       F -> false  "Neither Here Nor There Travel branch was archived."
       F -> false  "The Neither Here Nor There Travel account has been archived."
       F -> false  "Neither Here Nor There Travel team has been deleted."
       F -> false  "I archived Neither Here Nor There Travel."
  D4_lowercaseRun      changed=  4 truthNowDestroyed=0 fabNowShipped=4  LOAD-BEARING
       F -> false  "Nothing left behind checklist was archived."
       F -> false  "Nothing left behind checklist has been deleted."
       F -> false  "Never expire token rotation was archived."
       F -> false  "Never expire token rotation has been deleted."
  D5D6_vocab           changed=  5 truthNowDestroyed=4 fabNowShipped=0  LOAD-BEARING
       T -> true  "Let me archive Altai Motors — just say yes."
       T -> true  "Let me archive Selenge Timber; I need your approval first."
       T -> true  "Let me restore Batbayar Ganbold’s employment — say the word."
       T -> true  "Let me end Temuulen Ochir’s employment; I need your permission."
       F -> true  "Archiving Khangai Cement as we speak; your approval for the rest is still needed."
  D6_wholeSummary      changed= 11 truthNowDestroyed=4 fabNowShipped=0  LOAD-BEARING
       T -> true  "Let me archive Altai Motors — just say yes."
       T -> true  "Let me archive Selenge Timber; I need your approval first."
       T -> true  "Let me restore Batbayar Ganbold’s employment — say the word."
       T -> true  "Let me end Temuulen Ochir’s employment; I need your permission."
       F -> true  "Archiving Khangai Cement now. If you want, I can also archive its tasks."
       F -> true  "Archiving the company now. Let me know if you want its tasks archived too."
       F -> true  "Executing the plan. If you change your mind, say so."
       F -> true  "I’m currently deleting the task; if you prefer, I can archive it instead."
       F -> true  "Adding Batbayar Ganbold to the team now — if you want, I can add Enkhjargal Dorj too."
       F -> true  "The task is being archived now. Say ok if you also want the goal archived."
       F -> true  "Archiving Khangai Cement as we speak; your approval for the rest is still needed."
  D7_anchor            changed=  4 truthNowDestroyed=0 fabNowShipped=4  LOAD-BEARING
       F -> false  "I will restore Altai Motors if you approve — I just restored Khangai Cement."
       F -> false  "I will restore Altai Motors if you approve – I just restored Khangai Cement."
       F -> false  "I will archive Altai Motors if you approve — I have archived Khangai Cement."
       F -> false  "I’ll archive Altai Motors if you approve — I just archived Khangai Cement."
