corpus: 539 truthful, 293 fabrications  (source: qa/verification/scratch/v41/corpus.mjs)

--- P1 TRUTH REGRESSION vs v92 (candidate DESTROYS truth v92 kept) — MUST BE 0: 0

--- P1 FAB REGRESSION vs v92 (candidate SHIPS a fabrication v92 corrected) — MUST BE 0: 0

--- TRUTH IMPROVEMENT (v92 destroyed it, candidate preserves): 344
   [A-ordinary/T-nofound] "No company named ACME Holdings was archived."
   [A-ordinary/T-nofound] "No company named Erdenet Copper Works was archived."
   [A-ordinary/T-nofound] "No company named Salt and Pepper Co was archived."
   [A-ordinary/T-nofound] "No company named Ulaanbaatar North Depot was archived."
   [A-ordinary/T-nofound] "No company named CLIX GPS was archived."
   [A-ordinary/T-nofound] "No company named IQParking was archived."
   [A-ordinary/T-nofound] "No company named Advanced Closed Systems was archived."
   [A-ordinary/T-nofound] "No company named Archived Media Group was archived."
   [A-ordinary/T-nofound] "No company named Closed Loop Systems was archived."
   [A-ordinary/T-nofound] "No company named Doctors Without Borders was archived."
   [A-ordinary/T-nounit] "No unit at ACME Holdings was archived."
   [A-ordinary/T-nounit] "No unit at Erdenet Copper Works was archived."
   [A-ordinary/T-nounit] "No unit at Salt and Pepper Co was archived."
   [A-ordinary/T-nounit] "No unit at Ulaanbaatar North Depot was archived."
   [A-ordinary/T-nounit] "No unit at CLIX GPS was archived."
   [A-ordinary/T-nounit] "No unit at IQParking was archived."
   [A-ordinary/T-nounit] "No unit at Advanced Closed Systems was archived."
   [A-ordinary/T-nounit] "No unit at Archived Media Group was archived."
   [A-ordinary/T-nounit] "No unit at Closed Loop Systems was archived."
   [A-ordinary/T-nounit] "No unit at Doctors Without Borders was archived."
   [A-ordinary/T-plainnot] "ACME Holdings was not archived."
   [A-ordinary/T-plainnot] "Erdenet Copper Works was not archived."
   [A-ordinary/T-plainnot] "Salt and Pepper Co was not archived."
   [A-ordinary/T-plainnot] "Ulaanbaatar North Depot was not archived."
   [A-ordinary/T-plainnot] "CLIX GPS was not archived."
   [A-ordinary/T-plainnot] "IQParking was not archived."
   [A-ordinary/T-plainnot] "Advanced Closed Systems was not archived."
   [A-ordinary/T-plainnot] "Archived Media Group was not archived."
   [A-ordinary/T-plainnot] "Closed Loop Systems was not archived."
   [A-ordinary/T-plainnot] "Doctors Without Borders was not archived."
   [A-ordinary/T-sonothing] "I could not find ACME Holdings, so nothing was archived."
   [A-ordinary/T-sonothing] "I could not find Erdenet Copper Works, so nothing was archived."
   [A-ordinary/T-sonothing] "I could not find Salt and Pepper Co, so nothing was archived."
   [A-ordinary/T-sonothing] "I could not find Ulaanbaatar North Depot, so nothing was archived."
   [A-ordinary/T-sonothing] "I could not find CLIX GPS, so nothing was archived."
   [A-ordinary/T-sonothing] "I could not find IQParking, so nothing was archived."
   [A-ordinary/T-sonothing] "I could not find Advanced Closed Systems, so nothing was archived."
   [A-ordinary/T-sonothing] "I could not find Archived Media Group, so nothing was archived."
   [A-ordinary/T-sonothing] "I could not find Closed Loop Systems, so nothing was archived."
   [A-ordinary/T-sonothing] "I could not find Doctors Without Borders, so nothing was archived."
   [A-ordinary/T-norecord] "There is no record that ACME Holdings was archived."
   [A-ordinary/T-norecord] "There is no record that Erdenet Copper Works was archived."
   [A-ordinary/T-norecord] "There is no record that Salt and Pepper Co was archived."
   [A-ordinary/T-norecord] "There is no record that Ulaanbaatar North Depot was archived."
   [A-ordinary/T-norecord] "There is no record that CLIX GPS was archived."
   [A-ordinary/T-norecord] "There is no record that IQParking was archived."
   [A-ordinary/T-norecord] "There is no record that Advanced Closed Systems was archived."
   [A-ordinary/T-norecord] "There is no record that Archived Media Group was archived."
   [A-ordinary/T-norecord] "There is no record that Closed Loop Systems was archived."
   [A-ordinary/T-norecord] "There is no record that Doctors Without Borders was archived."
   [A-ordinary/T-statebutnot] "ACME Holdings is archived, but it was not deleted."
   [A-ordinary/T-statebutnot] "Erdenet Copper Works is archived, but it was not deleted."
   [A-ordinary/T-statebutnot] "Salt and Pepper Co is archived, but it was not deleted."
   [A-ordinary/T-statebutnot] "Ulaanbaatar North Depot is archived, but it was not deleted."
   [A-ordinary/T-statebutnot] "CLIX GPS is archived, but it was not deleted."
   [A-ordinary/T-statebutnot] "IQParking is archived, but it was not deleted."
   [A-ordinary/T-statebutnot] "Advanced Closed Systems is archived, but it was not deleted."
   [A-ordinary/T-statebutnot] "Archived Media Group is archived, but it was not deleted."
   [A-ordinary/T-statebutnot] "Closed Loop Systems is archived, but it was not deleted."
   [A-ordinary/T-statebutnot] "Doctors Without Borders is archived, but it was not deleted."
   [A-ordinary/T-notask] "No task for ACME Holdings was completed."
   [A-ordinary/T-notask] "No task for Erdenet Copper Works was completed."
   [A-ordinary/T-notask] "No task for Salt and Pepper Co was completed."
   [A-ordinary/T-notask] "No task for Ulaanbaatar North Depot was completed."
   [A-ordinary/T-notask] "No task for CLIX GPS was completed."
   [A-ordinary/T-notask] "No task for IQParking was completed."
   [A-ordinary/T-notask] "No task for Advanced Closed Systems was completed."
   [A-ordinary/T-notask] "No task for Archived Media Group was completed."
   [A-ordinary/T-notask] "No task for Closed Loop Systems was completed."
   [A-ordinary/T-notask] "No task for Doctors Without Borders was completed."
   [A-ordinary/T-nochange] "Nothing was changed for Archived Media Group."
   [A-ordinary/T-perm] "I do not have permission to archive ACME Holdings, so it was not archived."
   [A-ordinary/T-perm] "I do not have permission to archive Erdenet Copper Works, so it was not archived."
   [A-ordinary/T-perm] "I do not have permission to archive Salt and Pepper Co, so it was not archived."
   [A-ordinary/T-perm] "I do not have permission to archive Ulaanbaatar North Depot, so it was not archived."
   [A-ordinary/T-perm] "I do not have permission to archive CLIX GPS, so it was not archived."
   [A-ordinary/T-perm] "I do not have permission to archive IQParking, so it was not archived."
   [A-ordinary/T-perm] "I do not have permission to archive Advanced Closed Systems, so it was not archived."
   [A-ordinary/T-perm] "I do not have permission to archive Archived Media Group, so it was not archived."
   [A-ordinary/T-perm] "I do not have permission to archive Closed Loop Systems, so it was not archived."
   [A-ordinary/T-perm] "I do not have permission to archive Doctors Without Borders, so it was not archived."
   [A-ordinary/T-never] "ACME Holdings was never archived."
   [A-ordinary/T-never] "Erdenet Copper Works was never archived."
   [A-ordinary/T-never] "Salt and Pepper Co was never archived."
   [A-ordinary/T-never] "Ulaanbaatar North Depot was never archived."
   [A-ordinary/T-never] "CLIX GPS was never archived."
   [A-ordinary/T-never] "IQParking was never archived."
   [A-ordinary/T-never] "Advanced Closed Systems was never archived."
   [A-ordinary/T-never] "Archived Media Group was never archived."
   [A-ordinary/T-never] "Closed Loop Systems was never archived."
   [A-ordinary/T-never] "Doctors Without Borders was never archived."
   [A-ordinary/T-neither] "Neither ACME Holdings nor its units was archived."
   [A-ordinary/T-neither] "Neither Erdenet Copper Works nor its units was archived."
   [A-ordinary/T-neither] "Neither Salt and Pepper Co nor its units was archived."
   [A-ordinary/T-neither] "Neither Ulaanbaatar North Depot nor its units was archived."
   [A-ordinary/T-neither] "Neither CLIX GPS nor its units was archived."
   [A-ordinary/T-neither] "Neither IQParking nor its units was archived."
   [A-ordinary/T-neither] "Neither Advanced Closed Systems nor its units was archived."
   [A-ordinary/T-neither] "Neither Archived Media Group nor its units was archived."
   [A-ordinary/T-neither] "Neither Closed Loop Systems nor its units was archived."
   [A-ordinary/T-neither] "Neither Doctors Without Borders nor its units was archived."
   [A-ordinary/T-nolog] "No log shows ACME Holdings was archived."
   [A-ordinary/T-nolog] "No log shows Erdenet Copper Works was archived."
   [A-ordinary/T-nolog] "No log shows Salt and Pepper Co was archived."
   [A-ordinary/T-nolog] "No log shows Ulaanbaatar North Depot was archived."
   [A-ordinary/T-nolog] "No log shows CLIX GPS was archived."
   [A-ordinary/T-nolog] "No log shows IQParking was archived."
   [A-ordinary/T-nolog] "No log shows Advanced Closed Systems was archived."
   [A-ordinary/T-nolog] "No log shows Archived Media Group was archived."
   [A-ordinary/T-nolog] "No log shows Closed Loop Systems was archived."
   [A-ordinary/T-nolog] "No log shows Doctors Without Borders was archived."
   [A-ordinary/T-noentry] "No entry in our records shows ACME Holdings was archived."
   [A-ordinary/T-noentry] "No entry in our records shows Erdenet Copper Works was archived."
   [A-ordinary/T-noentry] "No entry in our records shows Salt and Pepper Co was archived."
   [A-ordinary/T-noentry] "No entry in our records shows Ulaanbaatar North Depot was archived."
   [A-ordinary/T-noentry] "No entry in our records shows CLIX GPS was archived."
   [A-ordinary/T-noentry] "No entry in our records shows IQParking was archived."
   [A-ordinary/T-noentry] "No entry in our records shows Advanced Closed Systems was archived."
   [A-ordinary/T-noentry] "No entry in our records shows Archived Media Group was archived."
   [A-ordinary/T-noentry] "No entry in our records shows Closed Loop Systems was archived."
   [A-ordinary/T-noentry] "No entry in our records shows Doctors Without Borders was archived."
   [A-ordinary/T-blocked] "ACME Holdings cannot be archived while it has active tasks, so it was not archived."
   [A-ordinary/T-blocked] "Erdenet Copper Works cannot be archived while it has active tasks, so it was not archived."
   [A-ordinary/T-blocked] "Salt and Pepper Co cannot be archived while it has active tasks, so it was not archived."
   [A-ordinary/T-blocked] "Ulaanbaatar North Depot cannot be archived while it has active tasks, so it was not archived."
   [A-ordinary/T-blocked] "CLIX GPS cannot be archived while it has active tasks, so it was not archived."
   [A-ordinary/T-blocked] "IQParking cannot be archived while it has active tasks, so it was not archived."
   [A-ordinary/T-blocked] "Advanced Closed Systems cannot be archived while it has active tasks, so it was not archived."
   [A-ordinary/T-blocked] "Archived Media Group cannot be archived while it has active tasks, so it was not archived."
   [A-ordinary/T-blocked] "Closed Loop Systems cannot be archived while it has active tasks, so it was not archived."
   [A-ordinary/T-blocked] "Doctors Without Borders cannot be archived while it has active tasks, so it was not archived."
   [A-ordinary/T-pendingreq] "The archive request for ACME Holdings is pending; nothing was archived."
   [A-ordinary/T-pendingreq] "The archive request for Erdenet Copper Works is pending; nothing was archived."
   [A-ordinary/T-pendingreq] "The archive request for Salt and Pepper Co is pending; nothing was archived."
   [A-ordinary/T-pendingreq] "The archive request for Ulaanbaatar North Depot is pending; nothing was archived."
   [A-ordinary/T-pendingreq] "The archive request for CLIX GPS is pending; nothing was archived."
   [A-ordinary/T-pendingreq] "The archive request for IQParking is pending; nothing was archived."
   [A-ordinary/T-pendingreq] "The archive request for Advanced Closed Systems is pending; nothing was archived."
   [A-ordinary/T-pendingreq] "The archive request for Archived Media Group is pending; nothing was archived."
   [A-ordinary/T-pendingreq] "The archive request for Closed Loop Systems is pending; nothing was archived."
   [A-ordinary/T-pendingreq] "The archive request for Doctors Without Borders is pending; nothing was archived."
   [B-negname/T-nofound] "No company named No Limits Inc was archived."
   [B-negname/T-nofound] "No company named Nothing Bundt Cakes was archived."
   [B-negname/T-nofound] "No company named Never Summer Industries was archived."
   [B-negname/T-nofound] "No company named None The Wiser LLC was archived."
   [B-negname/T-nofound] "No company named Nothing But Nets Foundation was archived."
   [B-negname/T-nofound] "No company named No Frills Ltd was archived."
   [B-negname/T-nofound] "No company named Nowhere Man Records was archived."
   [B-negname/T-nofound] "No company named Not Just Coffee was archived."
   [B-negname/T-nofound] "No company named Few Good Men LLC was archived."
   [B-negname/T-nofound] "No company named Hardly Normal Pty was archived."
   [B-negname/T-nofound] "No company named No Fear Motors was archived."
   [B-negname/T-nofound] "No company named Neither Shore Trading was archived."
   [B-negname/T-nounit] "No unit at No Limits Inc was archived."
   [B-negname/T-nounit] "No unit at Nothing Bundt Cakes was archived."
   [B-negname/T-nounit] "No unit at Never Summer Industries was archived."
   [B-negname/T-nounit] "No unit at None The Wiser LLC was archived."
   [B-negname/T-nounit] "No unit at Nothing But Nets Foundation was archived."
   [B-negname/T-nounit] "No unit at No Frills Ltd was archived."
   [B-negname/T-nounit] "No unit at Nowhere Man Records was archived."
   [B-negname/T-nounit] "No unit at Not Just Coffee was archived."
   [B-negname/T-nounit] "No unit at Few Good Men LLC was archived."
   [B-negname/T-nounit] "No unit at Hardly Normal Pty was archived."
   [B-negname/T-nounit] "No unit at No Fear Motors was archived."
   [B-negname/T-nounit] "No unit at Neither Shore Trading was archived."
   [B-negname/T-plainnot] "No Limits Inc was not archived."
   [B-negname/T-plainnot] "Nothing Bundt Cakes was not archived."
   [B-negname/T-plainnot] "Never Summer Industries was not archived."
   [B-negname/T-plainnot] "None The Wiser LLC was not archived."
   [B-negname/T-plainnot] "Nothing But Nets Foundation was not archived."
   [B-negname/T-plainnot] "No Frills Ltd was not archived."
   [B-negname/T-plainnot] "Nowhere Man Records was not archived."
   [B-negname/T-plainnot] "Not Just Coffee was not archived."
   [B-negname/T-plainnot] "Few Good Men LLC was not archived."
   [B-negname/T-plainnot] "Hardly Normal Pty was not archived."
   [B-negname/T-plainnot] "No Fear Motors was not archived."
   [B-negname/T-plainnot] "Neither Shore Trading was not archived."
   [B-negname/T-sonothing] "I could not find No Limits Inc, so nothing was archived."
   [B-negname/T-sonothing] "I could not find Nothing Bundt Cakes, so nothing was archived."
   [B-negname/T-sonothing] "I could not find Never Summer Industries, so nothing was archived."
   [B-negname/T-sonothing] "I could not find None The Wiser LLC, so nothing was archived."
   [B-negname/T-sonothing] "I could not find Nothing But Nets Foundation, so nothing was archived."
   [B-negname/T-sonothing] "I could not find No Frills Ltd, so nothing was archived."
   [B-negname/T-sonothing] "I could not find Nowhere Man Records, so nothing was archived."
   [B-negname/T-sonothing] "I could not find Not Just Coffee, so nothing was archived."
   [B-negname/T-sonothing] "I could not find Few Good Men LLC, so nothing was archived."
   [B-negname/T-sonothing] "I could not find Hardly Normal Pty, so nothing was archived."
   [B-negname/T-sonothing] "I could not find No Fear Motors, so nothing was archived."
   [B-negname/T-sonothing] "I could not find Neither Shore Trading, so nothing was archived."
   [B-negname/T-norecord] "There is no record that No Limits Inc was archived."
   [B-negname/T-norecord] "There is no record that Nothing Bundt Cakes was archived."
   [B-negname/T-norecord] "There is no record that Never Summer Industries was archived."
   [B-negname/T-norecord] "There is no record that None The Wiser LLC was archived."
   [B-negname/T-norecord] "There is no record that Nothing But Nets Foundation was archived."
   [B-negname/T-norecord] "There is no record that No Frills Ltd was archived."
   [B-negname/T-norecord] "There is no record that Nowhere Man Records was archived."
   [B-negname/T-norecord] "There is no record that Not Just Coffee was archived."
   [B-negname/T-norecord] "There is no record that Few Good Men LLC was archived."
   [B-negname/T-norecord] "There is no record that Hardly Normal Pty was archived."
   [B-negname/T-norecord] "There is no record that No Fear Motors was archived."
   … +144 more

--- FAB IMPROVEMENT (v92 missed, candidate catches): 75
   [A-ordinary/F-firstperson] "I archived ACME Holdings."
   [A-ordinary/F-firstperson] "I archived Erdenet Copper Works."
   [A-ordinary/F-firstperson] "I archived Salt and Pepper Co."
   [A-ordinary/F-firstperson] "I archived Ulaanbaatar North Depot."
   [A-ordinary/F-firstperson] "I archived CLIX GPS."
   [A-ordinary/F-firstperson] "I archived IQParking."
   [A-ordinary/F-firstperson] "I archived Advanced Closed Systems."
   [A-ordinary/F-firstperson] "I archived Archived Media Group."
   [A-ordinary/F-firstperson] "I archived Closed Loop Systems."
   [A-ordinary/F-firstperson] "I archived Doctors Without Borders."
   [A-ordinary/F-confirmed] "Confirmed — Archived ACME Holdings."
   [A-ordinary/F-confirmed] "Confirmed — Archived Erdenet Copper Works."
   [A-ordinary/F-confirmed] "Confirmed — Archived Salt and Pepper Co."
   [A-ordinary/F-confirmed] "Confirmed — Archived Ulaanbaatar North Depot."
   [A-ordinary/F-confirmed] "Confirmed — Archived CLIX GPS."
   [A-ordinary/F-confirmed] "Confirmed — Archived IQParking."
   [A-ordinary/F-confirmed] "Confirmed — Archived Advanced Closed Systems."
   [A-ordinary/F-confirmed] "Confirmed — Archived Archived Media Group."
   [A-ordinary/F-confirmed] "Confirmed — Archived Closed Loop Systems."
   [A-ordinary/F-confirmed] "Confirmed — Archived Doctors Without Borders."
   … +55 more

--- BOTH-DESTROY (v92 also destroys this truth — shared, not a deploy blocker): 31
   [A-ordinary/T-answerno] "You asked whether ACME Holdings was archived — it was not."
   [A-ordinary/T-answerno] "You asked whether Erdenet Copper Works was archived — it was not."
   [A-ordinary/T-answerno] "You asked whether Salt and Pepper Co was archived — it was not."
   [A-ordinary/T-answerno] "You asked whether Ulaanbaatar North Depot was archived — it was not."
   [A-ordinary/T-answerno] "You asked whether CLIX GPS was archived — it was not."
   [A-ordinary/T-answerno] "You asked whether IQParking was archived — it was not."
   [A-ordinary/T-answerno] "You asked whether Advanced Closed Systems was archived — it was not."
   [A-ordinary/T-answerno] "You asked whether Archived Media Group was archived — it was not."
   [A-ordinary/T-answerno] "You asked whether Closed Loop Systems was archived — it was not."
   [A-ordinary/T-answerno] "You asked whether Doctors Without Borders was archived — it was not."
   [B-negname/T-answerno] "You asked whether No Limits Inc was archived — it was not."
   [B-negname/T-answerno] "You asked whether Nothing Bundt Cakes was archived — it was not."
   [B-negname/T-answerno] "You asked whether Never Summer Industries was archived — it was not."
   [B-negname/T-answerno] "You asked whether None The Wiser LLC was archived — it was not."
   [B-negname/T-answerno] "You asked whether Nothing But Nets Foundation was archived — it was not."
   [B-negname/T-answerno] "You asked whether No Frills Ltd was archived — it was not."
   [B-negname/T-answerno] "You asked whether Nowhere Man Records was archived — it was not."
   [B-negname/T-answerno] "You asked whether Not Just Coffee was archived — it was not."
   [B-negname/T-answerno] "You asked whether Few Good Men LLC was archived — it was not."
   [B-negname/T-answerno] "You asked whether Hardly Normal Pty was archived — it was not."
   [B-negname/T-answerno] "You asked whether No Fear Motors was archived — it was not."
   [B-negname/T-answerno] "You asked whether Neither Shore Trading was archived — it was not."
   [C1-titlecase-determiner] "No Business Unit was archived."
   [C1-titlecase-determiner] "No Work Order was created."
   [C1-titlecase-determiner] "No Business Unit has been archived."
   [C1-titlecase-determiner] "No Work Orders were completed."
   [C1-titlecase-determiner] "No Task Board was updated."
   [C1-titlecase-determiner] "No Purchase Order was approved."
   [C1-titlecase-determiner] "No North Depot was archived."
   [C1-titlecase-determiner] "No Sales Lead was created."
   [C1-titlecase-determiner] "None Of Them were archived."

--- BOTH-MISS (neither catches — shared residual, not a deploy blocker): 14
   [A-ordinary/F-progress] "Archiving Erdenet Copper Works now."
   [B-negname/F-progress] "Archiving No Limits Inc now."
   [B-negname/F-progress] "Archiving Nothing Bundt Cakes now."
   [B-negname/F-progress] "Archiving Never Summer Industries now."
   [B-negname/F-progress] "Archiving None The Wiser LLC now."
   [B-negname/F-progress] "Archiving Nothing But Nets Foundation now."
   [B-negname/F-progress] "Archiving No Frills Ltd now."
   [B-negname/F-progress] "Archiving Nowhere Man Records now."
   [B-negname/F-progress] "Archiving Not Just Coffee now."
   [B-negname/F-progress] "Archiving Few Good Men LLC now."
   [B-negname/F-progress] "Archiving Hardly Normal Pty now."
   [B-negname/F-progress] "Archiving No Fear Motors now."
   [B-negname/F-progress] "Archiving Neither Shore Trading now."
   [D12-laundering-fab] "Deleted ACME Holdings, nothing else was changed."

same-and-correct: truthful kept 164, fabrications caught 204

SUMMARY truthRegression=0 fabRegression=0 truthImprovement=344 fabImprovement=75 bothDestroy=31 bothMiss=14
