OK   V11.term.ellipsis          [CONTRACT] the '…' terminator is load-bearing: a NON-aux assertion before it is cut away
OK   V11.term.ellipsis.aux      [CONTRACT] the aux-shaped '…' case still holds (belt AND cut)
OK   V11.turn.boundary8         [CONTRACT] exactly 8 prior turns: window 1..8, complete, current 9, entries 1..8
OK   V11.turn.boundary9         [CONTRACT] 9 prior turns / 8-row window: window 2..9, INCOMPLETE, current 10, entries 2..9
OK   V11.turn.newestIsPrev      [CONTRACT] the newest history entry is ALWAYS exactly one turn before the current turn
OK   V11.turn.fresh             [CONTRACT] fresh channel: no window bounds, complete, current turn 1
OK   V11.turn.countNull         [CONTRACT] a failed head-count query degrades to the window length and stays self-consistent
OK   V11.turn.noSelfInclude     [CONTRACT] the current command never appears inside conversationHistory
OK   V11.order.failClosed       [CONTRACT] the buildContext/create_pending_work_order ordering check fails CLOSED when an anchor moves
OK   V11.durable.foreignSource  [CONTRACT] a durable pending action with NO source work order id can never bind
OK   V11.durable.emptySource    [CONTRACT] an EMPTY-STRING source work order id can never bind either
OK   V11.durable.expired        [CONTRACT] an EXPIRED durable pending action can never bind
OK   V11.durable.untyped        [CONTRACT] an UNTYPED durable pending action can never bind
OK   V11.durable.happy          [CONTRACT] a fully typed, sourced, unexpired durable pending action DOES bind (the guard is not just always-null)
OK   V11.durable.livePrecedence [CONTRACT] a live last-turn pendingAction always beats durable state
OK   V11.drift.factLinesOnly    [CONTRACT] the D68 shape — grounded only by a deterministic report + fabricated completion prose — is re-rendered
OK   V11.drift.progressiveStructured [CONTRACT] the same shape with PROGRESSIVE wording is re-rendered too (structured arm carries the E-multi vocabulary)
OK   D88.comma-ok               [DEFECT] D88: "I archived ACME, ok?" — the assertion must not reach founder-facing text
OK   D88.comma-obj              [DEFECT] D88: "ACME deleted everything, ok?" — the assertion must not reach founder-facing text
OK   D88.participle-led         [DEFECT] D88: "Deleted ACME and its tasks, ok?" — the assertion must not reach founder-facing text
OK   D88.abbrev-shielded        [DEFECT] D88: "ACME Inc. deleted everything, ok?" — the assertion must not reach founder-facing text
OK   D88.single-letter-shield   [DEFECT] D88: "I archived ACME B. ok?" — the assertion must not reach founder-facing text
OK   D88.count-object           [DEFECT] D88: "I removed 3 people from ACME, ok?" — the assertion must not reach founder-facing text
OK   D88.hold.d70               [CONTRACT] D70 control: "Is Acme Inc. still interested?" still survives whole
OK   D88.hold.d70b              [CONTRACT] D70b control: "Should the 1.5 allocation stay?" still survives whole
OK   D88.hold.plain             [CONTRACT] a plain clarification question still survives whole
OK   D86.title-past             [DEFECT] D86: Title-Cased assertion label "ACME Deleted" must not be accepted verbatim
OK   D86.title-archived         [DEFECT] D86: Title-Cased assertion label "ACME Archived" must not be accepted verbatim
OK   D86.title-completed        [DEFECT] D86: Title-Cased assertion label "Project Completed" must not be accepted verbatim
OK   D86.title-sentence         [DEFECT] D86: Title-Cased assertion label "ACME Deleted Everything" must not be accepted verbatim
OK   D86.participle-led         [DEFECT] D86: Title-Cased assertion label "Deleted ACME" must not be accepted verbatim
OK   D86.hold.d72               [CONTRACT] D72 control: "Closed Loop Systems" must still survive as a real name
OK   D86.hold.d79               [CONTRACT] D79 control: twin assertion-shaped REAL names must stay distinct
OK   D87.removing               [DEFECT] D87: "Now removing ACME." must be caught, exactly as "I’m now removing ACME." already is
OK   D87.ending                 [DEFECT] D87: "Now ending ACME." must be caught, exactly as "I’m now ending ACME." already is
OK   D87.renaming               [DEFECT] D87: "Now renaming ACME." must be caught, exactly as "I’m now renaming ACME." already is
OK   D87.closing                [DEFECT] D87: "Now closing ACME." must be caught, exactly as "I’m now closing ACME." already is
OK   D87.clearing               [DEFECT] D87: "Now clearing ACME." must be caught, exactly as "I’m now clearing ACME." already is
OK   D87.granting               [DEFECT] D87: "Now granting ACME." must be caught, exactly as "I’m now granting ACME." already is
OK   D87.declining              [DEFECT] D87: "Now declining ACME." must be caught, exactly as "I’m now declining ACME." already is
OK   D87.hold.assigning         [CONTRACT] the verbs arm 3 already covers stay covered ("Now assigning")
OK   D87.hold.archiving         [CONTRACT] the verbs arm 3 already covers stay covered ("Now archiving")
OK   D87.hold.deleting          [CONTRACT] the verbs arm 3 already covers stay covered ("Now deleting")
OK   D87.hold.legit             [CONTRACT] ordinary prose containing a gerund in a non-claim shape is untouched
OK   D88.preserves.question     [CONTRACT] a comma-joined assertion is cut but the trailing QUESTION survives (not dropped wholesale)
OK   D88.preserves.longer       [CONTRACT] the same, with a longer trailing question

v11_regression_additions: 46 pass, 0 fail (0 open #71 defects reproduce; 0 CONTRACT failures = guards that do not hold as claimed)
