  25/  0  exit=0               belt_generative_adversarial_contract.mjs
null/null  exit=0    SUPERSEDED claim_segmentation_and_present_tense_fp.mjs
        TAIL: claim_segmentation_and_present_tense_fp: SUPERSEDED (prose-era). See structured_claim_verification.mjs.
   8/  0  exit=0               company_ref_no_bare_name_join.mjs
  17/  0  exit=0               current_turn_and_continuity_contract.mjs
null/null  exit=0    SUPERSEDED d3_past_completion_gate_not_shortcircuited_by_pending_action.mjs
        TAIL: d3_past_completion_gate_not_shortcircuited_by_pending_action: SUPERSEDED (prose-era). See structured_claim_verification.mjs.
  10/  0  exit=0               issue5_confirmation_action_type_binding.mjs
  92/  0  exit=0               lifecycle_evidence_and_output_persistence_contract.mjs
null/null  exit=0    SUPERSEDED mixed_claim_grounding.mjs
        TAIL: mixed_claim_grounding: SUPERSEDED (prose-era). See structured_claim_verification.mjs.
   5/  0  exit=0               org_selector_scoping_coverage.mjs
null/null  exit=0    SUPERSEDED past_completion_gate_behavior.mjs
        TAIL: past_completion_gate_behavior: SUPERSEDED (prose-era). See structured_claim_verification.mjs.
null/null  exit=0    SUPERSEDED per_resource_grounding_contract.mjs
        TAIL: per_resource_grounding_contract: SUPERSEDED (prose-era). See structured_claim_verification.mjs.
  43/  0  exit=0               run10_defect_closure_contract.mjs
  49/  0  exit=0               run11_defect_closure_contract.mjs
  74/  0  exit=0               run12_defect_closure_contract.mjs
  60/  0  exit=0               run13_defect_closure_contract.mjs
  68/  0  exit=0               run14_defect_closure_contract.mjs
  57/  0  exit=0               run15_defect_closure_contract.mjs
  53/  0  exit=0               run16_defect_closure_contract.mjs
  43/  0  exit=0               run17_defect_closure_contract.mjs
  52/  0  exit=0               run18_defect_closure_contract.mjs
  62/  0  exit=0               run19_defect_closure_contract.mjs
 117/  0  exit=0               run28_defect_closure_contract.mjs
  40/  0  exit=0               run8_defect_closure_contract.mjs
  51/  0  exit=0               sem_ai_command_company_restore_truth.mjs
  38/  0  exit=0               sem_ai_command_confirmation_truth.mjs
  25/  0  exit=0               sem_ai_command_execution_plan_truth.mjs
   7/  0  exit=0               sem_ai_command_factory_verification_selection.mjs
  11/  0  exit=0               sem_ai_command_named_person_lookup_truth.mjs
  13/  0  exit=0               sem_ai_command_past_completion_claim_regex.mjs
  13/  0  exit=0               sem_ai_command_source_invariants_drift_guard.mjs
  29/  0  exit=0               structured_claim_laundering_contract.mjs
  42/  0  exit=0               structured_claim_verification.mjs
  28/  0  exit=0               v92_open_regression_contract.mjs
  46/  0  exit=0               v92_parity_contract.mjs

SUITES: 34 files, 29 produced a pass/fail line with >0 assertions
TOTAL:  1178 passed, 0 failed
NON-ASSERTING / UNPARSED (5):
   - claim_segmentation_and_present_tense_fp.mjs (no "N passed, M failed" line)
   - d3_past_completion_gate_not_shortcircuited_by_pending_action.mjs (no "N passed, M failed" line)
   - mixed_claim_grounding.mjs (no "N passed, M failed" line)
   - past_completion_gate_behavior.mjs (no "N passed, M failed" line)
   - per_resource_grounding_contract.mjs (no "N passed, M failed" line)
EXIT-CODE vs TEXT DISAGREEMENTS (0):
