PASS  V48-D3 :: v92 preserves: "I removed Chapter 3 from my draft."
PASS  V48-D3 :: candidate preserves: "I removed Chapter 3 from my draft."
PASS  V48-D3 :: v92 preserves: "I removed Section 2 of the summary above."
PASS  V48-D3 :: candidate preserves: "I removed Section 2 of the summary above."
PASS  V48-D3 :: v92 preserves: "I deleted Draft A in my scratch notes."
PASS  V48-D3 :: candidate preserves: "I deleted Draft A in my scratch notes."
PASS  V48-D3 :: v92 preserves: "I renamed Sheet1 in the file I generated for you."
PASS  V48-D3 :: candidate preserves: "I renamed Sheet1 in the file I generated for you."
PASS  V48-D3 :: v92 preserves: "I removed Ulaanbaatar from the filter I applied."
PASS  V48-D3 :: candidate preserves: "I removed Ulaanbaatar from the filter I applied."
PASS  V48-D3 :: v92 preserves: "I removed Monday from the list of options above."
PASS  V48-D3 :: candidate preserves: "I removed Monday from the list of options above."
PASS  V48-D3 :: v92 preserves: "I renamed Column B in the table above for readability."
PASS  V48-D3 :: candidate preserves: "I renamed Column B in the table above for readability."
PASS  V48-D3 :: v92 preserves: "I deleted English from the language filter."
PASS  V48-D3 :: candidate preserves: "I deleted English from the language filter."
PASS  V48-D3 :: v92 preserves: "I archived Q3 from the chart above."
PASS  V48-D3 :: candidate preserves: "I archived Q3 from the chart above."
PASS  V48-D3 in-pack :: caught: "I deleted Beta Corp."
PASS  V48-D3 in-pack :: caught: "I archived ACME Corp."
PASS  V48-D3 in-pack :: caught: "I removed Bob Smith."
PASS  V48-D3 in-pack :: caught: "I archived Gobi Logistics."
PASS  V48-D3 in-pack :: caught: "I renamed Delta Freight."
PASS  V48-D3 entity-noun :: caught: "I archived the company."
PASS  V48-D3 entity-noun :: caught: "I removed the employee."
PASS  V48-D3 entity-noun :: caught: "I already restored the task."
PASS  V48-D3 entity-noun :: caught: "I reassigned the goal."
PASS  V48-D3 entity-noun :: caught: "I deleted the document."
PASS  V48-D3 empty-pack parity: "I deleted Beta Corp."
PASS  V48-D3 empty-pack parity: "I archived ACME Corp."
PASS  V48-D5 16 KB pathological clause under 250 ms (was 3,960 ms)
PASS  V48-D5 cap does not alter a short verdict
PASS  V48-D2 :: v92 preserves: "The toast reads \"Processing the request\"."
PASS  V48-D2 :: candidate preserves: "The toast reads \"Processing the request\"."
PASS  V48-D2 :: v92 preserves: "You will see \"Processing the request\" in the toast."
PASS  V48-D2 :: candidate preserves: "You will see \"Processing the request\" in the toast."
PASS  V48-D2 :: v92 preserves: "The UI shows \"Executing the plan\" while it runs."
PASS  V48-D2 :: candidate preserves: "The UI shows \"Executing the plan\" while it runs."
PASS  V48-D2 :: v92 preserves: "The status text is \"Processing your request\"."
PASS  V48-D2 :: candidate preserves: "The status text is \"Processing your request\"."
PASS  V48-D2 real claims still caught :: caught: "Processing the request now."
PASS  V48-D2 real claims still caught :: caught: "Executing the plan."
PASS  V48-D2 real claims still caught :: caught: "I am processing your request."
PASS  V48-D4 consumer carries the conditioned-offer guard
PASS  V48-D4 conditioned offer stands down: "I’ll archive ACME Corp once you confirm."
PASS  V48-D4 conditioned offer stands down: "I'll archive ACME Corp once you confirm."
PASS  V48-D4 conditioned offer stands down: "I’ll delete the task if you confirm."
PASS  V48-D4 unconditioned promise still caught: "I’ll archive ACME Corp now."
PASS  V48-D4 unconditioned promise still caught: "I will delete the task."
PASS  V48-D4 unconditioned promise still caught: "I'm going to archive the company."
PASS  V48-D4 arms agree on the curly form
PASS  V48-D1 :: v92 preserves: "Archiving anything at all logs an audit row."
PASS  V48-D1 :: candidate preserves: "Archiving anything at all logs an audit row."
PASS  V48-D1 :: v92 preserves: "Adding to any of these increments the counter."
PASS  V48-D1 :: candidate preserves: "Adding to any of these increments the counter."
PASS  V48-D1 real progress claims still caught :: caught: "Archiving ACME Corp now."
PASS  V48-D1 real progress claims still caught :: caught: "Adding Bob Smith to the team."
PASS  V48-D7 readsAsCompletion declaration carries no literal `;` before its terminator

58 passed, 0 failed
