OK   D130.truthfulNegativeDestroyed."The archived list was not updated." [DEFECT] D130 (P1): 52e830f AND 9535f0b answer this truthfully and the candidate destroys it — "The archived list was not updated."
OK   D130.truthfulNegativeDestroyed."The 3 archived companies were not deleted." [DEFECT] D130 (P1): 52e830f AND 9535f0b answer this truthfully and the candidate destroys it — "The 3 archived companies were not deleted."
OK   D130.truthfulNegativeDestroyed."The completed tasks were not moved." [DEFECT] D130 (P1): 52e830f AND 9535f0b answer this truthfully and the candidate destroys it — "The completed tasks were not moved."
OK   D130.truthfulNegativeDestroyed."The archived company was not deleted." [DEFECT] D130 (P1): 52e830f AND 9535f0b answer this truthfully and the candidate destroys it — "The archived company was not deleted."
OK   D130.truthfulNegativeDestroyed."The removed person was not reassigned." [DEFECT] D130 (P1): 52e830f AND 9535f0b answer this truthfully and the candidate destroys it — "The removed person was not reassigned."
OK   D130.truthfulNegativeDestroyed."The assigned tasks were not completed." [DEFECT] D130 (P1): 52e830f AND 9535f0b answer this truthfully and the candidate destroys it — "The assigned tasks were not completed."
OK   D130.truthfulNegativeDestroyed."The created draft was not approved." [DEFECT] D130 (P1): 52e830f AND 9535f0b answer this truthfully and the candidate destroys it — "The created draft was not approved."
OK   D130.truthfulNegativeDestroyed."The restored company was not archived again." [DEFECT] D130 (P1): 52e830f AND 9535f0b answer this truthfully and the candidate destroys it — "The restored company was not archived again."
OK   D130.truthfulNegativeDestroyed."Archived Media Group was not archived." [DEFECT] D130 (P1): 52e830f AND 9535f0b answer this truthfully and the candidate destroys it — "Archived Media Group was not archived."
OK   D130.truthfulNegativeDestroyed."Closed Loop Systems was not archived." [DEFECT] D130 (P1): 52e830f AND 9535f0b answer this truthfully and the candidate destroys it — "Closed Loop Systems was not archived."
OK   D130.truthfulNegativeDestroyed."Completed Works Ltd was not deleted." [DEFECT] D130 (P1): 52e830f AND 9535f0b answer this truthfully and the candidate destroys it — "Completed Works Ltd was not deleted."
OK   D130.truthfulNegativeDestroyed."Updated Systems LLC was not updated." [DEFECT] D130 (P1): 52e830f AND 9535f0b answer this truthfully and the candidate destroys it — "Updated Systems LLC was not updated."
OK   D130.truthfulNegativeDestroyed."Sent Logistics was not archived."  [DEFECT] D130 (P1): 52e830f AND 9535f0b answer this truthfully and the candidate destroys it — "Sent Logistics was not archived."
OK   D130.truthfulNegativeDestroyed."Cleared Path Consulting was not archived." [DEFECT] D130 (P1): 52e830f AND 9535f0b answer this truthfully and the candidate destroys it — "Cleared Path Consulting was not archived."
OK   D130.truthfulNegativeDestroyed."Moved Freight Co was not deleted." [DEFECT] D130 (P1): 52e830f AND 9535f0b answer this truthfully and the candidate destroys it — "Moved Freight Co was not deleted."
OK   D130.truthfulNegativeDestroyed."Created Studio was not archived."  [DEFECT] D130 (P1): 52e830f AND 9535f0b answer this truthfully and the candidate destroys it — "Created Studio was not archived."
OK   D130.truthfulNegativeDestroyed."Bob’s completed tasks were not archived." [DEFECT] D130 (P1): 52e830f AND 9535f0b answer this truthfully and the candidate destroys it — "Bob’s completed tasks were not archived."
OK   D130.rateOnRealNames                                               [DEFECT] D130 (P1): "<real name containing a completion word> was not archived." must not be destroyed — 24/26 today, 0/26 on 9535f0b and on 52e830f
OK   D130.stateThenNegation                                             [DEFECT] D130 (P1): a state description followed by a truthful negative in the SAME clause ("ACME is archived but was not deleted.") must survive — 52e830f answers it, the candidate destroys it
OK   D131.fabricationCaught."Nothing to worry about: ACME was deleted"  [DEFECT] D131 (P2): a filler negator set off by a colon, or a name-word "without", is still caught — "Nothing to worry about: ACME was deleted."
OK   D131.fabricationCaught."Nothing failed: ACME was archived withou"  [DEFECT] D131 (P2): a filler negator set off by a colon, or a name-word "without", is still caught — "Nothing failed: ACME was archived without issue."
OK   D131.fabricationCaught."Doctors Without Borders Mongolia was arc"  [DEFECT] D131 (P2): a filler negator set off by a colon, or a name-word "without", is still caught — "Doctors Without Borders Mongolia was archived."
OK   D131.fabricationCaught."Home Without Walls Co was deleted."        [DEFECT] D131 (P2): a filler negator set off by a colon, or a name-word "without", is still caught — "Home Without Walls Co was deleted."
OK   D131.dashResidualClosed."Not a single task moved — Bob Smith was " [CONTRACT] CLOSED by run32/D180: the fabrication is caught via the new-subject rule and the paired real name, which carries an introducer, still survives
OK   D131.nameInitialResidualClosed."Nothing But Nets Foundation was deleted." [CONTRACT] CLOSED by run30/D170: a negator that only opens a proper name no longer negates, the fabrication is caught, and the paired real name still survives
OK   D131.idiomResidualClosed."No problem — ACME was archived."         [CONTRACT] CLOSED by R-IDIOM (v92-differential): the idiom prefix is stripped before the split, the fabrication is caught, and the paired real name still survives
OK   D131.idiomResidualClosed."Not to worry — ACME was archived."       [CONTRACT] CLOSED by R-IDIOM (v92-differential): the idiom prefix is stripped before the split, the fabrication is caught, and the paired real name still survives
OK   D131.disclosedResidual.nowClosed                                   [CONTRACT] CLOSED by run30/D170: a name LEADING with a negator no longer disarms the belt (this was a fabrication regression against deployed v92)
OK   D131.disclosedResidual.pairedRealNamesSurvive                      [CONTRACT] closing the negator-initial name class must not cost a single truthful negative about the same names
OK   D132.prototypeKeyMustFailClosed.actionType "constructor"           [DEFECT] D132 (P2): actionType "constructor" must dead-end, not throw — all three prior SHAs fail closed on the identical input
OK   D132.prototypeKeyMustFailClosed.actionType "__proto__"             [DEFECT] D132 (P2): actionType "__proto__" must dead-end, not throw — all three prior SHAs fail closed on the identical input
OK   D132.prototypeKeyMustFailClosed.actionType "hasOwnProperty"        [DEFECT] D132 (P2): actionType "hasOwnProperty" must dead-end, not throw — all three prior SHAs fail closed on the identical input
OK   D132.prototypeKeyMustFailClosed.entityType "constructor"           [DEFECT] D132 (P2): entityType "constructor" must dead-end, not throw — all three prior SHAs fail closed on the identical input
OK   D132.prototypeKeyMustFailClosed.entityType "toString"              [DEFECT] D132 (P2): entityType "toString" must dead-end, not throw — all three prior SHAs fail closed on the identical input
OK   D132.prototypeKeyMustFailClosed.entityType "valueOf"               [DEFECT] D132 (P2): entityType "valueOf" must dead-end, not throw — all three prior SHAs fail closed on the identical input
OK   D133.numberedFallbackStillDeadEnds."option 1"                      [DEFECT] D133 (P3): the product rendered "the company (option 1)" / "the company (option 2)" precisely so the founder could answer; "option 1" still dead-ends
OK   D133.numberedFallbackStillDeadEnds."#1"                            [DEFECT] D133 (P3): the product rendered "the company (option 1)" / "the company (option 2)" precisely so the founder could answer; "#1" still dead-ends
OK   D133.numberedFallbackStillDeadEnds."the first one"                 [DEFECT] D133 (P3): the product rendered "the company (option 1)" / "the company (option 2)" precisely so the founder could answer; "the first one" still dead-ends
OK   D133.hold.verbatimLabelStillBinds                                  [CONTRACT] D133 LIMIT: the one reply that does work today must keep working — a verbatim copy of the whole rendered label binds the right option
OK   D133.hold.outOfRangeNumberBindsNothing                             [CONTRACT] D133 LIMIT: whatever closes D133 must not bind an ordinal that names no option
OK   D134.coverage.newlineIsAClauseBoundary                             [CONTRACT] COVERAGE (surviving mutant M3): the newline this candidate ADDED to the clause splitter is observed by NO committed suite — a truthful negative on one LINE must not disarm a fabrication on the next
OK   D134.coverage.actionFamilyScopingMatters                           [CONTRACT] COVERAGE (surviving mutant M10): unioning ACTION_FAMILY_VERBS back into one list reverts the HEADLINE half of D127 and the whole battery stays green — under that mutant "reopen acme" arms archiveCompanyIds against a pending ARCHIVE and "close acme" arms restoreCompanyIds against a pending RESTORE
OK   D134.coverage.winnersOwnBareDigitIsNotFiller                       [CONTRACT] COVERAGE (surviving mutant M12): run17's D129 LIMIT pins "acme 2" against option 1 — a digit that is never the winner's own number, so it cannot observe the limit it claims to. The winner's OWN bare digit is the case that matters
OK   D128.hold.d125FourShapesStillCaught                                [CONTRACT] the four shapes d724d8c caught and 52e830f lost stay caught
OK   D128.hold.nounPhraseNegativesSurvive                               [CONTRACT] D128 itself stays closed: a truthful negative whose entity name carries a conjunction/dash/paren/colon survives
OK   D118.hold.plainTruthfulNegativesSurvive                            [CONTRACT] the truthful negatives D118 rescued (ledger #4905) still survive
OK   D112.hold.nounUseSurvives                                          [CONTRACT] run14's own D112 noun-use answers still survive — they are the SHAPE D130 breaks once an auxiliary is added, so pin both halves together
OK   D127.hold.plainSelectionStillArms                                  [CONTRACT] an ordinary selection still arms the pending field on both families
OK   D127.hold.oppositeFamilyStillRefused                               [CONTRACT] the contradiction guard still refuses the opposite family on both axes, including plain "activate"
OK   D127.hold.entityNounTargetFlipRefused                              [CONTRACT] a reply naming a DIFFERENT target still dead-ends
OK   D129.hold.otherOptionsNumberDeadEnds                               [CONTRACT] another option's number is not filler
OK   D125.coverage.questionBeltUnchanged                                [CONTRACT] this candidate touched only the completion belt: the question belt still consults its own constructs and none of the matcher/completion ones

run18_defect_closure_contract: 52 pass, 0 fail (0 open #78 defects reproduce; 0 CONTRACT failures = guards that do not hold as claimed)
