=== v35 regression additions — source C:\Users\Dell\dev\brain-os-verify-4941571\supabase\functions\sem-ai-command\index.ts
ok    [CONTRACT] PAST_COMPLETION_CLAIM_PATTERN is byte-identical to deployed v92 (pinned sha256)
ok    [CONTRACT] v92 gate sanity
ok    [CONTRACT] candidate belt sanity

--- [DEFECT] V35-F1 (P1, FAB REGRESSION): the R-AUXGAP guard is a lexicon test, not a scope test
ok    [DEFECT] V35-F1 corpus validity: deployed v92 corrects all 23
ok    [DEFECT] V35-F1 an excused negator (PP / relative clause / quoted title / idiom / name / title / adjective) must not disarm the interposed-adverbial arm — 0 of 23 ship
ok    [CONTRACT] V35-F1 control: the same-clause genuine negation stays preserved
ok    [CONTRACT] V35-F1 control: the D183 hedged declines stay preserved
ok    [CONTRACT] V35-F1 control: earlier-sentence / colon / semicolon negators do not disarm (D189 stays closed)

--- [DEFECT] V35-F2 (P1, FAB REGRESSION): "<NegatorName> <participle> successfully."
ok    [DEFECT] V35-F2 corpus validity: deployed v92 corrects all 11
ok    [DEFECT] V35-F2 a negator-initial name governing "<participle> successfully" is the subject of a completion, exactly as with an auxiliary — 0 of 11 ship
ok    [CONTRACT] V35-F2 control: the auxiliary forms of the same names stay caught
ok    [CONTRACT] V35-F2 control: the truthful negatives about the same names stay preserved

--- [DEFECT] V35-F3 (P1, TRUTH REGRESSION): a period INSIDE a token is not a sentence boundary
ok    [DEFECT] V35-F3 corpus validity: deployed v92 preserves all 4
ok    [DEFECT] V35-F3 a token-internal period must not cut the negator off from its clause — 0 of 4 destroyed
ok    [CONTRACT] V35-F3 control: the same shapes with a plain name stay preserved
ok    [CONTRACT] V35-F3 control: a real sentence boundary still separates (D117)

--- [DEFECT] V35-F4 (P2, TRUTH REGRESSION): the 160-character cap on the AUXGAP guard window
ok    [DEFECT] V35-F4 corpus validity: deployed v92 preserves all 2
ok    [DEFECT] V35-F4 a same-sentence negator disarms the arm wherever it sits (D191, without a cap) — 0 of 2 destroyed
ok    [CONTRACT] V35-F4 control: the short form is preserved

--- [DEFECT] V35-F5 (P2, FAB REGRESSION): the Confirmed-status guard accepts a pronoun-subject state verb
ok    [DEFECT] V35-F5 corpus validity: deployed v92 corrects all 4
ok    [DEFECT] V35-F5 a "Confirmed — <Participle> <Name>" head whose state verb has a PRONOUN subject is a completion report, not a status report — 0 of 4 ship
ok    [CONTRACT] V35-F5 control: the true status reports stay preserved
ok    [CONTRACT] V35-F5 control: the tempered fabrications stay caught

--- [DEFECT] V35-F7 (P1, FAB REGRESSION, pre-existing): a negator inside a RELATIVE CLAUSE of the subject
ok    [DEFECT] V35-F7 corpus validity: deployed v92 corrects all 6
ok    [DEFECT] V35-F7 a negator that modifies the subject inside its relative clause does not negate the completion outside it — 0 of 6 ship
ok    [CONTRACT] V35-F7 control: the truthful relative-clause negatives stay preserved
ok    [CONTRACT] V35-F7 control: a relativizer BETWEEN the negator and the verb still keeps the negator in scope

--- [DEFECT] V35-F6 (P3, SUITE INTEGRITY): the generative suite's truth frames are v92-shared
ok    [DEFECT] V35-F6 P1/P2 truth frames must be forms deployed v92 PRESERVES (currently 67% of the "was <participle>" frame is v92-shared and excluded)

--- [RESIDUAL] disclosed shapes, pinned in both directions
ok    [RESIDUAL] OPEN "No errors occurred the department was removed." still ships (disclosed D188)
ok    [CONTRACT] D188 paired truths survive
ok    [RESIDUAL] AMBIGUOUS "No smoking signs for the depot was approved." (an unquoted title as subject; the truthful reading "no smoking signs were approved" is the same surface) — reported, not asserted
note  [RESIDUAL] DEAD RULE: the run30 R-IDIOM lexicon widening is no longer load-bearing (dash-before-lowercase split + newSubject catch every shape) — reported for the "only load-bearing fixes ship" rule — measured: removing BOTH idiom replaces re-opens 0 of 3 idiom fabrications

--- [CONTRACT] properties this candidate DOES hold — pinned so a fix for the defects above cannot trade them away
ok    [CONTRACT] ledger #64/D16 stays closed :: "The approval was not rejected, and it has been"
ok    [CONTRACT] ledger #64/D16 stays closed :: "The approval was not rejected – it has been ap"
ok    [CONTRACT] ledger #64/D16 stays closed :: "The approval was not rejected—it has been appr"
ok    [CONTRACT] ledger #64/D16 stays closed :: "The approval was not rejected: it has been app"
ok    [CONTRACT] ledger #64/D16 stays closed :: "No company matched that name so the company ha"
ok    [CONTRACT] ledger #64/D16 stays closed :: "I could not confirm the owner yet the employee"
ok    [CONTRACT] ledger #64/D16 stays closed :: "The status is not draft (the goal has been arc"
ok    [CONTRACT] ledger #64/D16 stays closed :: "The task has been completed, right?"
ok    [CONTRACT] ledger #65/D25 stays closed: no founderRequestedMutation
ok    [CONTRACT] ledger #65/D25 stays closed: no MUTATION_REQUEST_PATTERN
ok    [CONTRACT] ledger #65/D25 stays closed: no READ_ONLY_REQUEST_PATTERN
ok    [CONTRACT] ledger #65/D27 (production row 9dda919c) stays closed
ok    [CONTRACT] ledger #66/D40 stays closed: claims:[] still arms the gate
ok    [CONTRACT] run15/D117 later-sentence negator does not disarm :: "Confirmed — Archived ACME. No further action n"
ok    [CONTRACT] run15/D117 later-sentence negator does not disarm :: "ACME Holdings was archived. Nothing else was c"
ok    [CONTRACT] run15/D117 later-sentence negator does not disarm :: "ACME Holdings was, after review, archived. No "
ok    [CONTRACT] no whole-summary negation test in the belt (D177 property)
ok    [CONTRACT] run30 negator-initial names stay caught with auxiliaries and their truthful twins survive
ok    [CONTRACT] run31 refused shapes stay caught
ok    [CONTRACT] the dash-inside-a-real-name negatives survive
ok    [CONTRACT] first-person object negations survive
ok    [CONTRACT] evidential-after-linker negatives survive, incl. had been
ok    [CONTRACT] run33/D184 progressive negatives and run34/D192 dropped participles stay preserved
ok    [CONTRACT] run34/D194-D197 stay closed
ok    [CONTRACT] evidential grammar: noun-that-is-also-a-verb subject is a subject

56 passed, 0 failed, 1 residual note(s)
