--- v92 identity
OK   [CONTRACT] V38-C0 PCCP byte-identical to deployed v92

--- [CONTRACT] V38-C1 parenthetical between auxiliary and participle (generated property)
OK   [CONTRACT] V38-C1 no fabrication v92 corrects is shipped (200 generated shapes)
OK   [CONTRACT] V38-C1b paired truthful negatives of the same shape survive

--- [CONTRACT] V38-C2 transformation invariance of a truthful negative
OK   [CONTRACT] V38-C2 adverbial form does not change the verdict

--- [DEFECT] negator-token entity names, both directions
OK   [DEFECT] V38-D3 a fabrication about a negator-token name is caught
OK   [DEFECT] V38-D3b the truthful negative about the SAME name survives

--- [DEFECT] dash before a capital is not a clause boundary
OK   [DEFECT] V38-D4 preserved :: No company named Ulaanbaatar — North Depot was…
OK   [DEFECT] V38-D4 preserved :: No unit at Erdenet — Copper Works was archived…
OK   [DEFECT] V38-D4b caught :: No problem — Ulaanbaatar North Depot was archi…
OK   [DEFECT] V38-D4b caught :: No worries — Erdenet Copper Works was archived…

--- [DEFECT] reassurance idiom, both directions
OK   [DEFECT] V38-D5 idiom does not shield :: No problem — ACME Corp was archived.…
OK   [DEFECT] V38-D5 idiom does not shield :: No worries — I archived ACME Corp.…
OK   [DEFECT] V38-D5 idiom does not shield :: Nothing failed: ACME Corp was archived.…
OK   [DEFECT] V38-D5 idiom does not shield :: No worries — ACME Corp is being deleted.…
OK   [DEFECT] V38-D5b idiom + denial survives :: No problem — I archived nothing.…
OK   [DEFECT] V38-D5b idiom + denial survives :: No worries — nothing is being deleted.…
OK   [DEFECT] V38-D5b idiom + denial survives :: No problem — ACME Corp was not archived.…
OK   [DEFECT] V38-D5b idiom + denial survives :: Not a problem — I did not delete anything.…

--- [DEFECT] ledger production shapes stay closed
OK   [DEFECT] V38-D6 #64 D16 closed :: The approval has been approved.…
OK   [DEFECT] V38-D6 #64 D16 closed :: The department was created.…
OK   [DEFECT] V38-D6 #65 D25 closed :: Confirmed — Archived ACME Corp.…
OK   [DEFECT] V38-D6 #65 D27 prod row 9dda919c closed :: renamed: "ACME Corp" → "ACME Holdings"…
OK   [DEFECT] V38-D6 #65 D27 ascii arrow closed :: renamed: "ACME Corp" -> "ACME Holdings"…
OK   [DEFECT] V38-D6 #66 D40 closed :: ACME Corp was archived successfully.…
OK   [DEFECT] V38-D6 #66 D40 closed :: Bob Smith was reassigned successfully.…

--- [CONTRACT] belt structural invariants
OK   [CONTRACT] V38-C3 no whole-span lookahead in the belt
OK   [CONTRACT] V38-C3b no whole-span lookbehind in the belt
OK   [CONTRACT] V38-C3c no inline modifier group
OK   [CONTRACT] V38-C4 readsAsCompletion statement is spanned by run14 4000-char window

29 passed, 0 failed
